============================= test session starts =============================
platform win32 -- Python 3.13.2, pytest-8.1.1, pluggy-1.6.0 -- E:\VELRA-INTELLIGENT DATING SYSTEM\.venv\Scripts\python.exe
cachedir: .pytest_cache
rootdir: E:\VELRA-INTELLIGENT DATING SYSTEM
configfile: pyproject.toml
plugins: anyio-4.13.0, asyncio-0.23.5
asyncio: mode=Mode.STRICT
collecting ... collected 1 item

tests/test_e2e_flow.py::test_full_auth_and_analysis_flow 
------------------------------- live log setup --------------------------------
DEBUG    asyncio:proactor_events.py:631 Using proactor: IocpProactor
DEBUG    asyncio:proactor_events.py:631 Using proactor: IocpProactor
DEBUG    asyncio:proactor_events.py:631 Using proactor: IocpProactor
DEBUG    aiosqlite:core.py:104 executing <function connect.<locals>.connector at 0x00000201FC6747C0>
DEBUG    aiosqlite:core.py:106 operation <function connect.<locals>.connector at 0x00000201FC6747C0> completed
DEBUG    aiosqlite:core.py:104 executing functools.partial(<built-in method create_function of sqlite3.Connection object at 0x00000201FC6075B0>, 'regexp', 2, <function SQLiteDialect_pysqlite.on_connect.<locals>.regexp at 0x00000201FC6740E0>, deterministic=True)
DEBUG    aiosqlite:core.py:106 operation functools.partial(<built-in method create_function of sqlite3.Connection object at 0x00000201FC6075B0>, 'regexp', 2, <function SQLiteDialect_pysqlite.on_connect.<locals>.regexp at 0x00000201FC6740E0>, deterministic=True) completed
DEBUG    aiosqlite:core.py:104 executing functools.partial(<built-in method create_function of sqlite3.Connection object at 0x00000201FC6075B0>, 'floor', 1, <built-in function floor>, deterministic=True)
DEBUG    aiosqlite:core.py:106 operation functools.partial(<built-in method create_function of sqlite3.Connection object at 0x00000201FC6075B0>, 'floor', 1, <built-in function floor>, deterministic=True) completed
DEBUG    aiosqlite:core.py:104 executing functools.partial(<built-in method cursor of sqlite3.Connection object at 0x00000201FC6075B0>)
DEBUG    aiosqlite:core.py:106 operation functools.partial(<built-in method cursor of sqlite3.Connection object at 0x00000201FC6075B0>) completed
DEBUG    aiosqlite:core.py:104 executing functools.partial(<built-in method execute of sqlite3.Cursor object at 0x00000201FC6653C0>, 'PRAGMA read_uncommitted', [])
DEBUG    aiosqlite:core.py:106 operation functools.partial(<built-in method execute of sqlite3.Cursor object at 0x00000201FC6653C0>, 'PRAGMA read_uncommitted', []) completed
DEBUG    aiosqlite:core.py:104 executing functools.partial(<built-in method fetchall of sqlite3.Cursor object at 0x00000201FC6653C0>)
DEBUG    aiosqlite:core.py:106 operation functools.partial(<built-in method fetchall of sqlite3.Cursor object at 0x00000201FC6653C0>) completed
DEBUG    aiosqlite:core.py:104 executing functools.partial(<built-in method close of sqlite3.Cursor object at 0x00000201FC6653C0>)
DEBUG    aiosqlite:core.py:106 operation functools.partial(<built-in method close of sqlite3.Cursor object at 0x00000201FC6653C0>) completed
DEBUG    aiosqlite:core.py:104 executing functools.partial(<built-in method rollback of sqlite3.Connection object at 0x00000201FC6075B0>)
DEBUG    aiosqlite:core.py:106 operation functools.partial(<built-in method rollback of sqlite3.Connection object at 0x00000201FC6075B0>) completed
DEBUG    aiosqlite:core.py:104 executing functools.partial(<built-in method cursor of sqlite3.Connection object at 0x00000201FC6075B0>)
DEBUG    aiosqlite:core.py:106 operation functools.partial(<built-in method cursor of sqlite3.Connection object at 0x00000201FC6075B0>) completed
DEBUG    aiosqlite:core.py:104 executing functools.partial(<built-in method execute of sqlite3.Cursor object at 0x00000201FC666040>, 'PRAGMA main.table_info("profiles")', ())
DEBUG    aiosqlite:core.py:106 operation functools.partial(<built-in method execute of sqlite3.Cursor object at 0x00000201FC666040>, 'PRAGMA main.table_info("profiles")', ()) completed
DEBUG    aiosqlite:core.py:104 executing functools.partial(<built-in method fetchall of sqlite3.Cursor object at 0x00000201FC666040>)
DEBUG    aiosqlite:core.py:106 operation functools.partial(<built-in method fetchall of sqlite3.Cursor object at 0x00000201FC666040>) completed
DEBUG    aiosqlite:core.py:104 executing functools.partial(<built-in method close of sqlite3.Cursor object at 0x00000201FC666040>)
DEBUG    aiosqlite:core.py:106 operation functools.partial(<built-in method close of sqlite3.Cursor object at 0x00000201FC666040>) completed
DEBUG    aiosqlite:core.py:104 executing functools.partial(<built-in method cursor of sqlite3.Connection object at 0x00000201FC6075B0>)
DEBUG    aiosqlite:core.py:106 operation functools.partial(<built-in method cursor of sqlite3.Connection object at 0x00000201FC6075B0>) completed
DEBUG    aiosqlite:core.py:104 executing functools.partial(<built-in method execute of sqlite3.Cursor object at 0x00000201FC665440>, 'PRAGMA temp.table_info("profiles")', ())
DEBUG    aiosqlite:core.py:106 operation functools.partial(<built-in method execute of sqlite3.Cursor object at 0x00000201FC665440>, 'PRAGMA temp.table_info("profiles")', ()) completed
DEBUG    aiosqlite:core.py:104 executing functools.partial(<built-in method fetchall of sqlite3.Cursor object at 0x00000201FC665440>)
DEBUG    aiosqlite:core.py:106 operation functools.partial(<built-in method fetchall of sqlite3.Cursor object at 0x00000201FC665440>) completed
DEBUG    aiosqlite:core.py:104 executing functools.partial(<built-in method close of sqlite3.Cursor object at 0x00000201FC665440>)
DEBUG    aiosqlite:core.py:106 operation functools.partial(<built-in method close of sqlite3.Cursor object at 0x00000201FC665440>) completed
DEBUG    aiosqlite:core.py:104 executing functools.partial(<built-in method cursor of sqlite3.Connection object at 0x00000201FC6075B0>)
DEBUG    aiosqlite:core.py:106 operation functools.partial(<built-in method cursor of sqlite3.Connection object at 0x00000201FC6075B0>) completed
DEBUG    aiosqlite:core.py:104 executing functools.partial(<built-in method execute of sqlite3.Cursor object at 0x00000201FC666140>, 'PRAGMA main.table_info("analyses")', ())
DEBUG    aiosqlite:core.py:106 operation functools.partial(<built-in method execute of sqlite3.Cursor object at 0x00000201FC666140>, 'PRAGMA main.table_info("analyses")', ()) completed
DEBUG    aiosqlite:core.py:104 executing functools.partial(<built-in method fetchall of sqlite3.Cursor object at 0x00000201FC666140>)
DEBUG    aiosqlite:core.py:106 operation functools.partial(<built-in method fetchall of sqlite3.Cursor object at 0x00000201FC666140>) completed
DEBUG    aiosqlite:core.py:104 executing functools.partial(<built-in method close of sqlite3.Cursor object at 0x00000201FC666140>)
DEBUG    aiosqlite:core.py:106 operation functools.partial(<built-in method close of sqlite3.Cursor object at 0x00000201FC666140>) completed
DEBUG    aiosqlite:core.py:104 executing functools.partial(<built-in method cursor of sqlite3.Connection object at 0x00000201FC6075B0>)
DEBUG    aiosqlite:core.py:106 operation functools.partial(<built-in method cursor of sqlite3.Connection object at 0x00000201FC6075B0>) completed
DEBUG    aiosqlite:core.py:104 executing functools.partial(<built-in method execute of sqlite3.Cursor object at 0x00000201FC6661C0>, 'PRAGMA temp.table_info("analyses")', ())
DEBUG    aiosqlite:core.py:106 operation functools.partial(<built-in method execute of sqlite3.Cursor object at 0x00000201FC6661C0>, 'PRAGMA temp.table_info("analyses")', ()) completed
DEBUG    aiosqlite:core.py:104 executing functools.partial(<built-in method fetchall of sqlite3.Cursor object at 0x00000201FC6661C0>)
DEBUG    aiosqlite:core.py:106 operation functools.partial(<built-in method fetchall of sqlite3.Cursor object at 0x00000201FC6661C0>) completed
DEBUG    aiosqlite:core.py:104 executing functools.partial(<built-in method close of sqlite3.Cursor object at 0x00000201FC6661C0>)
DEBUG    aiosqlite:core.py:106 operation functools.partial(<built-in method close of sqlite3.Cursor object at 0x00000201FC6661C0>) completed
DEBUG    aiosqlite:core.py:104 executing functools.partial(<built-in method cursor of sqlite3.Connection object at 0x00000201FC6075B0>)
DEBUG    aiosqlite:core.py:106 operation functools.partial(<built-in method cursor of sqlite3.Connection object at 0x00000201FC6075B0>) completed
DEBUG    aiosqlite:core.py:104 executing functools.partial(<built-in method execute of sqlite3.Cursor object at 0x00000201FC6662C0>, 'PRAGMA main.table_info("training_data")', ())
DEBUG    aiosqlite:core.py:106 operation functools.partial(<built-in method execute of sqlite3.Cursor object at 0x00000201FC6662C0>, 'PRAGMA main.table_info("training_data")', ()) completed
DEBUG    aiosqlite:core.py:104 executing functools.partial(<built-in method fetchall of sqlite3.Cursor object at 0x00000201FC6662C0>)
DEBUG    aiosqlite:core.py:106 operation functools.partial(<built-in method fetchall of sqlite3.Cursor object at 0x00000201FC6662C0>) completed
DEBUG    aiosqlite:core.py:104 executing functools.partial(<built-in method close of sqlite3.Cursor object at 0x00000201FC6662C0>)
DEBUG    aiosqlite:core.py:106 operation functools.partial(<built-in method close of sqlite3.Cursor object at 0x00000201FC6662C0>) completed
DEBUG    aiosqlite:core.py:104 executing functools.partial(<built-in method cursor of sqlite3.Connection object at 0x00000201FC6075B0>)
DEBUG    aiosqlite:core.py:106 operation functools.partial(<built-in method cursor of sqlite3.Connection object at 0x00000201FC6075B0>) completed
DEBUG    aiosqlite:core.py:104 executing functools.partial(<built-in method execute of sqlite3.Cursor object at 0x00000201FC666340>, 'PRAGMA temp.table_info("training_data")', ())
DEBUG    aiosqlite:core.py:106 operation functools.partial(<built-in method execute of sqlite3.Cursor object at 0x00000201FC666340>, 'PRAGMA temp.table_info("training_data")', ()) completed
DEBUG    aiosqlite:core.py:104 executing functools.partial(<built-in method fetchall of sqlite3.Cursor object at 0x00000201FC666340>)
DEBUG    aiosqlite:core.py:106 operation functools.partial(<built-in method fetchall of sqlite3.Cursor object at 0x00000201FC666340>) completed
DEBUG    aiosqlite:core.py:104 executing functools.partial(<built-in method close of sqlite3.Cursor object at 0x00000201FC666340>)
DEBUG    aiosqlite:core.py:106 operation functools.partial(<built-in method close of sqlite3.Cursor object at 0x00000201FC666340>) completed
DEBUG    aiosqlite:core.py:104 executing functools.partial(<built-in method cursor of sqlite3.Connection object at 0x00000201FC6075B0>)
DEBUG    aiosqlite:core.py:106 operation functools.partial(<built-in method cursor of sqlite3.Connection object at 0x00000201FC6075B0>) completed
DEBUG    aiosqlite:core.py:104 executing functools.partial(<built-in method execute of sqlite3.Cursor object at 0x00000201FC6663C0>, 'PRAGMA main.table_info("credits")', ())
DEBUG    aiosqlite:core.py:106 operation functools.partial(<built-in method execute of sqlite3.Cursor object at 0x00000201FC6663C0>, 'PRAGMA main.table_info("credits")', ()) completed
DEBUG    aiosqlite:core.py:104 executing functools.partial(<built-in method fetchall of sqlite3.Cursor object at 0x00000201FC6663C0>)
DEBUG    aiosqlite:core.py:106 operation functools.partial(<built-in method fetchall of sqlite3.Cursor object at 0x00000201FC6663C0>) completed
DEBUG    aiosqlite:core.py:104 executing functools.partial(<built-in method close of sqlite3.Cursor object at 0x00000201FC6663C0>)
DEBUG    aiosqlite:core.py:106 operation functools.partial(<built-in method close of sqlite3.Cursor object at 0x00000201FC6663C0>) completed
DEBUG    aiosqlite:core.py:104 executing functools.partial(<built-in method cursor of sqlite3.Connection object at 0x00000201FC6075B0>)
DEBUG    aiosqlite:core.py:106 operation functools.partial(<built-in method cursor of sqlite3.Connection object at 0x00000201FC6075B0>) completed
DEBUG    aiosqlite:core.py:104 executing functools.partial(<built-in method execute of sqlite3.Cursor object at 0x00000201FC666440>, 'PRAGMA temp.table_info("credits")', ())
DEBUG    aiosqlite:core.py:106 operation functools.partial(<built-in method execute of sqlite3.Cursor object at 0x00000201FC666440>, 'PRAGMA temp.table_info("credits")', ()) completed
DEBUG    aiosqlite:core.py:104 executing functools.partial(<built-in method fetchall of sqlite3.Cursor object at 0x00000201FC666440>)
DEBUG    aiosqlite:core.py:106 operation functools.partial(<built-in method fetchall of sqlite3.Cursor object at 0x00000201FC666440>) completed
DEBUG    aiosqlite:core.py:104 executing functools.partial(<built-in method close of sqlite3.Cursor object at 0x00000201FC666440>)
DEBUG    aiosqlite:core.py:106 operation functools.partial(<built-in method close of sqlite3.Cursor object at 0x00000201FC666440>) completed
DEBUG    aiosqlite:core.py:104 executing functools.partial(<built-in method cursor of sqlite3.Connection object at 0x00000201FC6075B0>)
DEBUG    aiosqlite:core.py:106 operation functools.partial(<built-in method cursor of sqlite3.Connection object at 0x00000201FC6075B0>) completed
DEBUG    aiosqlite:core.py:104 executing functools.partial(<built-in method execute of sqlite3.Cursor object at 0x00000201FC666540>, 'PRAGMA main.table_info("users")', ())
DEBUG    aiosqlite:core.py:106 operation functools.partial(<built-in method execute of sqlite3.Cursor object at 0x00000201FC666540>, 'PRAGMA main.table_info("users")', ()) completed
DEBUG    aiosqlite:core.py:104 executing functools.partial(<built-in method fetchall of sqlite3.Cursor object at 0x00000201FC666540>)
DEBUG    aiosqlite:core.py:106 operation functools.partial(<built-in method fetchall of sqlite3.Cursor object at 0x00000201FC666540>) completed
DEBUG    aiosqlite:core.py:104 executing functools.partial(<built-in method close of sqlite3.Cursor object at 0x00000201FC666540>)
DEBUG    aiosqlite:core.py:106 operation functools.partial(<built-in method close of sqlite3.Cursor object at 0x00000201FC666540>) completed
DEBUG    aiosqlite:core.py:104 executing functools.partial(<built-in method cursor of sqlite3.Connection object at 0x00000201FC6075B0>)
DEBUG    aiosqlite:core.py:106 operation functools.partial(<built-in method cursor of sqlite3.Connection object at 0x00000201FC6075B0>) completed
DEBUG    aiosqlite:core.py:104 executing functools.partial(<built-in method execute of sqlite3.Cursor object at 0x00000201FC6665C0>, 'PRAGMA temp.table_info("users")', ())
DEBUG    aiosqlite:core.py:106 operation functools.partial(<built-in method execute of sqlite3.Cursor object at 0x00000201FC6665C0>, 'PRAGMA temp.table_info("users")', ()) completed
DEBUG    aiosqlite:core.py:104 executing functools.partial(<built-in method fetchall of sqlite3.Cursor object at 0x00000201FC6665C0>)
DEBUG    aiosqlite:core.py:106 operation functools.partial(<built-in method fetchall of sqlite3.Cursor object at 0x00000201FC6665C0>) completed
DEBUG    aiosqlite:core.py:104 executing functools.partial(<built-in method close of sqlite3.Cursor object at 0x00000201FC6665C0>)
DEBUG    aiosqlite:core.py:106 operation functools.partial(<built-in method close of sqlite3.Cursor object at 0x00000201FC6665C0>) completed
DEBUG    aiosqlite:core.py:104 executing functools.partial(<built-in method cursor of sqlite3.Connection object at 0x00000201FC6075B0>)
DEBUG    aiosqlite:core.py:106 operation functools.partial(<built-in method cursor of sqlite3.Connection object at 0x00000201FC6075B0>) completed
DEBUG    aiosqlite:core.py:104 executing functools.partial(<built-in method execute of sqlite3.Cursor object at 0x00000201FC666640>, 'PRAGMA main.table_info("feedback")', ())
DEBUG    aiosqlite:core.py:106 operation functools.partial(<built-in method execute of sqlite3.Cursor object at 0x00000201FC666640>, 'PRAGMA main.table_info("feedback")', ()) completed
DEBUG    aiosqlite:core.py:104 executing functools.partial(<built-in method fetchall of sqlite3.Cursor object at 0x00000201FC666640>)
DEBUG    aiosqlite:core.py:106 operation functools.partial(<built-in method fetchall of sqlite3.Cursor object at 0x00000201FC666640>) completed
DEBUG    aiosqlite:core.py:104 executing functools.partial(<built-in method close of sqlite3.Cursor object at 0x00000201FC666640>)
DEBUG    aiosqlite:core.py:106 operation functools.partial(<built-in method close of sqlite3.Cursor object at 0x00000201FC666640>) completed
DEBUG    aiosqlite:core.py:104 executing functools.partial(<built-in method cursor of sqlite3.Connection object at 0x00000201FC6075B0>)
DEBUG    aiosqlite:core.py:106 operation functools.partial(<built-in method cursor of sqlite3.Connection object at 0x00000201FC6075B0>) completed
DEBUG    aiosqlite:core.py:104 executing functools.partial(<built-in method execute of sqlite3.Cursor object at 0x00000201FC6666C0>, 'PRAGMA temp.table_info("feedback")', ())
DEBUG    aiosqlite:core.py:106 operation functools.partial(<built-in method execute of sqlite3.Cursor object at 0x00000201FC6666C0>, 'PRAGMA temp.table_info("feedback")', ()) completed
DEBUG    aiosqlite:core.py:104 executing functools.partial(<built-in method fetchall of sqlite3.Cursor object at 0x00000201FC6666C0>)
DEBUG    aiosqlite:core.py:106 operation functools.partial(<built-in method fetchall of sqlite3.Cursor object at 0x00000201FC6666C0>) completed
DEBUG    aiosqlite:core.py:104 executing functools.partial(<built-in method close of sqlite3.Cursor object at 0x00000201FC6666C0>)
DEBUG    aiosqlite:core.py:106 operation functools.partial(<built-in method close of sqlite3.Cursor object at 0x00000201FC6666C0>) completed
DEBUG    aiosqlite:core.py:104 executing functools.partial(<built-in method cursor of sqlite3.Connection object at 0x00000201FC6075B0>)
DEBUG    aiosqlite:core.py:106 operation functools.partial(<built-in method cursor of sqlite3.Connection object at 0x00000201FC6075B0>) completed
DEBUG    aiosqlite:core.py:104 executing functools.partial(<built-in method execute of sqlite3.Cursor object at 0x00000201FC666740>, 'PRAGMA main.table_info("learning_patterns")', ())
DEBUG    aiosqlite:core.py:106 operation functools.partial(<built-in method execute of sqlite3.Cursor object at 0x00000201FC666740>, 'PRAGMA main.table_info("learning_patterns")', ()) completed
DEBUG    aiosqlite:core.py:104 executing functools.partial(<built-in method fetchall of sqlite3.Cursor object at 0x00000201FC666740>)
DEBUG    aiosqlite:core.py:106 operation functools.partial(<built-in method fetchall of sqlite3.Cursor object at 0x00000201FC666740>) completed
DEBUG    aiosqlite:core.py:104 executing functools.partial(<built-in method close of sqlite3.Cursor object at 0x00000201FC666740>)
DEBUG    aiosqlite:core.py:106 operation functools.partial(<built-in method close of sqlite3.Cursor object at 0x00000201FC666740>) completed
DEBUG    aiosqlite:core.py:104 executing functools.partial(<built-in method cursor of sqlite3.Connection object at 0x00000201FC6075B0>)
DEBUG    aiosqlite:core.py:106 operation functools.partial(<built-in method cursor of sqlite3.Connection object at 0x00000201FC6075B0>) completed
DEBUG    aiosqlite:core.py:104 executing functools.partial(<built-in method execute of sqlite3.Cursor object at 0x00000201FC6667C0>, 'PRAGMA temp.table_info("learning_patterns")', ())
DEBUG    aiosqlite:core.py:106 operation functools.partial(<built-in method execute of sqlite3.Cursor object at 0x00000201FC6667C0>, 'PRAGMA temp.table_info("learning_patterns")', ()) completed
DEBUG    aiosqlite:core.py:104 executing functools.partial(<built-in method fetchall of sqlite3.Cursor object at 0x00000201FC6667C0>)
DEBUG    aiosqlite:core.py:106 operation functools.partial(<built-in method fetchall of sqlite3.Cursor object at 0x00000201FC6667C0>) completed
DEBUG    aiosqlite:core.py:104 executing functools.partial(<built-in method close of sqlite3.Cursor object at 0x00000201FC6667C0>)
DEBUG    aiosqlite:core.py:106 operation functools.partial(<built-in method close of sqlite3.Cursor object at 0x00000201FC6667C0>) completed
DEBUG    aiosqlite:core.py:104 executing functools.partial(<built-in method cursor of sqlite3.Connection object at 0x00000201FC6075B0>)
DEBUG    aiosqlite:core.py:106 operation functools.partial(<built-in method cursor of sqlite3.Connection object at 0x00000201FC6075B0>) completed
DEBUG    aiosqlite:core.py:104 executing functools.partial(<built-in method execute of sqlite3.Cursor object at 0x00000201FC61FD40>, '\nCREATE TABLE users (\n\tid CHAR(32) NOT NULL, \n\temail VARCHAR(255) NOT NULL, \n\tpassword_hash VARCHAR(255), \n\tprovider VARCHAR(50) NOT NULL, \n\tprovider_id VARCHAR(255), \n\taccepted_tc BOOLEAN NOT NULL, \n\tcreated_at DATETIME DEFAULT CURRENT_TIMESTAMP NOT NULL, \n\tPRIMARY KEY (id)\n)\n\n', ())
DEBUG    aiosqlite:core.py:106 operation functools.partial(<built-in method execute of sqlite3.Cursor object at 0x00000201FC61FD40>, '\nCREATE TABLE users (\n\tid CHAR(32) NOT NULL, \n\temail VARCHAR(255) NOT NULL, \n\tpassword_hash VARCHAR(255), \n\tprovider VARCHAR(50) NOT NULL, \n\tprovider_id VARCHAR(255), \n\taccepted_tc BOOLEAN NOT NULL, \n\tcreated_at DATETIME DEFAULT CURRENT_TIMESTAMP NOT NULL, \n\tPRIMARY KEY (id)\n)\n\n', ()) completed
DEBUG    aiosqlite:core.py:104 executing functools.partial(<built-in method close of sqlite3.Cursor object at 0x00000201FC61FD40>)
DEBUG    aiosqlite:core.py:106 operation functools.partial(<built-in method close of sqlite3.Cursor object at 0x00000201FC61FD40>) completed
DEBUG    aiosqlite:core.py:104 executing functools.partial(<built-in method cursor of sqlite3.Connection object at 0x00000201FC6075B0>)
DEBUG    aiosqlite:core.py:106 operation functools.partial(<built-in method cursor of sqlite3.Connection object at 0x00000201FC6075B0>) completed
DEBUG    aiosqlite:core.py:104 executing functools.partial(<built-in method execute of sqlite3.Cursor object at 0x00000201FC666D40>, 'CREATE UNIQUE INDEX ix_users_email ON users (email)', ())
DEBUG    aiosqlite:core.py:106 operation functools.partial(<built-in method execute of sqlite3.Cursor object at 0x00000201FC666D40>, 'CREATE UNIQUE INDEX ix_users_email ON users (email)', ()) completed
DEBUG    aiosqlite:core.py:104 executing functools.partial(<built-in method close of sqlite3.Cursor object at 0x00000201FC666D40>)
DEBUG    aiosqlite:core.py:106 operation functools.partial(<built-in method close of sqlite3.Cursor object at 0x00000201FC666D40>) completed
DEBUG    aiosqlite:core.py:104 executing functools.partial(<built-in method cursor of sqlite3.Connection object at 0x00000201FC6075B0>)
DEBUG    aiosqlite:core.py:106 operation functools.partial(<built-in method cursor of sqlite3.Connection object at 0x00000201FC6075B0>) completed
DEBUG    aiosqlite:core.py:104 executing functools.partial(<built-in method execute of sqlite3.Cursor object at 0x00000201FC61DD40>, '\nCREATE TABLE learning_patterns (\n\tid CHAR(32) NOT NULL, \n\tpattern VARCHAR(500) NOT NULL, \n\tsuccess_rate FLOAT NOT NULL, \n\toccurrences INTEGER NOT NULL, \n\tupdated_at DATETIME DEFAULT CURRENT_TIMESTAMP NOT NULL, \n\tPRIMARY KEY (id)\n)\n\n', ())
DEBUG    aiosqlite:core.py:106 operation functools.partial(<built-in method execute of sqlite3.Cursor object at 0x00000201FC61DD40>, '\nCREATE TABLE learning_patterns (\n\tid CHAR(32) NOT NULL, \n\tpattern VARCHAR(500) NOT NULL, \n\tsuccess_rate FLOAT NOT NULL, \n\toccurrences INTEGER NOT NULL, \n\tupdated_at DATETIME DEFAULT CURRENT_TIMESTAMP NOT NULL, \n\tPRIMARY KEY (id)\n)\n\n', ()) completed
DEBUG    aiosqlite:core.py:104 executing functools.partial(<built-in method close of sqlite3.Cursor object at 0x00000201FC61DD40>)
DEBUG    aiosqlite:core.py:106 operation functools.partial(<built-in method close of sqlite3.Cursor object at 0x00000201FC61DD40>) completed
DEBUG    aiosqlite:core.py:104 executing functools.partial(<built-in method cursor of sqlite3.Connection object at 0x00000201FC6075B0>)
DEBUG    aiosqlite:core.py:106 operation functools.partial(<built-in method cursor of sqlite3.Connection object at 0x00000201FC6075B0>) completed
DEBUG    aiosqlite:core.py:104 executing functools.partial(<built-in method execute of sqlite3.Cursor object at 0x00000201FC6674C0>, '\nCREATE TABLE profiles (\n\tid CHAR(32) NOT NULL, \n\tuser_id CHAR(32) NOT NULL, \n\traw_text TEXT NOT NULL, \n\tsource VARCHAR(20) NOT NULL, \n\textracted_traits JSON NOT NULL, \n\tcreated_at DATETIME DEFAULT CURRENT_TIMESTAMP NOT NULL, \n\tPRIMARY KEY (id), \n\tFOREIGN KEY(user_id) REFERENCES users (id)\n)\n\n', ())
DEBUG    aiosqlite:core.py:106 operation functools.partial(<built-in method execute of sqlite3.Cursor object at 0x00000201FC6674C0>, '\nCREATE TABLE profiles (\n\tid CHAR(32) NOT NULL, \n\tuser_id CHAR(32) NOT NULL, \n\traw_text TEXT NOT NULL, \n\tsource VARCHAR(20) NOT NULL, \n\textracted_traits JSON NOT NULL, \n\tcreated_at DATETIME DEFAULT CURRENT_TIMESTAMP NOT NULL, \n\tPRIMARY KEY (id), \n\tFOREIGN KEY(user_id) REFERENCES users (id)\n)\n\n', ()) completed
DEBUG    aiosqlite:core.py:104 executing functools.partial(<built-in method close of sqlite3.Cursor object at 0x00000201FC6674C0>)
DEBUG    aiosqlite:core.py:106 operation functools.partial(<built-in method close of sqlite3.Cursor object at 0x00000201FC6674C0>) completed
DEBUG    aiosqlite:core.py:104 executing functools.partial(<built-in method cursor of sqlite3.Connection object at 0x00000201FC6075B0>)
DEBUG    aiosqlite:core.py:106 operation functools.partial(<built-in method cursor of sqlite3.Connection object at 0x00000201FC6075B0>) completed
DEBUG    aiosqlite:core.py:104 executing functools.partial(<built-in method execute of sqlite3.Cursor object at 0x00000201FC664FC0>, 'CREATE INDEX ix_profiles_user_id ON profiles (user_id)', ())
DEBUG    aiosqlite:core.py:106 operation functools.partial(<built-in method execute of sqlite3.Cursor object at 0x00000201FC664FC0>, 'CREATE INDEX ix_profiles_user_id ON profiles (user_id)', ()) completed
DEBUG    aiosqlite:core.py:104 executing functools.partial(<built-in method close of sqlite3.Cursor object at 0x00000201FC664FC0>)
DEBUG    aiosqlite:core.py:106 operation functools.partial(<built-in method close of sqlite3.Cursor object at 0x00000201FC664FC0>) completed
DEBUG    aiosqlite:core.py:104 executing functools.partial(<built-in method cursor of sqlite3.Connection object at 0x00000201FC6075B0>)
DEBUG    aiosqlite:core.py:106 operation functools.partial(<built-in method cursor of sqlite3.Connection object at 0x00000201FC6075B0>) completed
DEBUG    aiosqlite:core.py:104 executing functools.partial(<built-in method execute of sqlite3.Cursor object at 0x00000201FC667CC0>, '\nCREATE TABLE analyses (\n\tid CHAR(32) NOT NULL, \n\tuser_id CHAR(32) NOT NULL, \n\trequest_hash VARCHAR(64) NOT NULL, \n\tcontext VARCHAR(64) NOT NULL, \n\tmessages JSON NOT NULL, \n\tfeatures JSON NOT NULL, \n\tflags JSON NOT NULL, \n\tseriousness_score INTEGER NOT NULL, \n\tinterest_level VARCHAR(20), \n\tpattern JSON NOT NULL, \n\tinsights TEXT NOT NULL, \n\tsuggested_action VARCHAR(1000) NOT NULL, \n\tprompt_tokens INTEGER NOT NULL, \n\tcompletion_tokens INTEGER NOT NULL, \n\ttotal_tokens INTEGER NOT NULL, \n\tcreated_at DATETIME DEFAULT CURRENT_TIMESTAMP NOT NULL, \n\tPRIMARY KEY (id), \n\tFOREIGN KEY(user_id) REFERENCES users (id)\n)\n\n', ())
DEBUG    aiosqlite:core.py:106 operation functools.partial(<built-in method execute of sqlite3.Cursor object at 0x00000201FC667CC0>, '\nCREATE TABLE analyses (\n\tid CHAR(32) NOT NULL, \n\tuser_id CHAR(32) NOT NULL, \n\trequest_hash VARCHAR(64) NOT NULL, \n\tcontext VARCHAR(64) NOT NULL, \n\tmessages JSON NOT NULL, \n\tfeatures JSON NOT NULL, \n\tflags JSON NOT NULL, \n\tseriousness_score INTEGER NOT NULL, \n\tinterest_level VARCHAR(20), \n\tpattern JSON NOT NULL, \n\tinsights TEXT NOT NULL, \n\tsuggested_action VARCHAR(1000) NOT NULL, \n\tprompt_tokens INTEGER NOT NULL, \n\tcompletion_tokens INTEGER NOT NULL, \n\ttotal_tokens INTEGER NOT NULL, \n\tcreated_at DATETIME DEFAULT CURRENT_TIMESTAMP NOT NULL, \n\tPRIMARY KEY (id), \n\tFOREIGN KEY(user_id) REFERENCES users (id)\n)\n\n', ()) completed
DEBUG    aiosqlite:core.py:104 executing functools.partial(<built-in method close of sqlite3.Cursor object at 0x00000201FC667CC0>)
DEBUG    aiosqlite:core.py:106 operation functools.partial(<built-in method close of sqlite3.Cursor object at 0x00000201FC667CC0>) completed
DEBUG    aiosqlite:core.py:104 executing functools.partial(<built-in method cursor of sqlite3.Connection object at 0x00000201FC6075B0>)
DEBUG    aiosqlite:core.py:106 operation functools.partial(<built-in method cursor of sqlite3.Connection object at 0x00000201FC6075B0>) completed
DEBUG    aiosqlite:core.py:104 executing functools.partial(<built-in method execute of sqlite3.Cursor object at 0x00000201FC6655C0>, 'CREATE INDEX ix_analyses_request_hash ON analyses (request_hash)', ())
DEBUG    aiosqlite:core.py:106 operation functools.partial(<built-in method execute of sqlite3.Cursor object at 0x00000201FC6655C0>, 'CREATE INDEX ix_analyses_request_hash ON analyses (request_hash)', ()) completed
DEBUG    aiosqlite:core.py:104 executing functools.partial(<built-in method close of sqlite3.Cursor object at 0x00000201FC6655C0>)
DEBUG    aiosqlite:core.py:106 operation functools.partial(<built-in method close of sqlite3.Cursor object at 0x00000201FC6655C0>) completed
DEBUG    aiosqlite:core.py:104 executing functools.partial(<built-in method cursor of sqlite3.Connection object at 0x00000201FC6075B0>)
DEBUG    aiosqlite:core.py:106 operation functools.partial(<built-in method cursor of sqlite3.Connection object at 0x00000201FC6075B0>) completed
DEBUG    aiosqlite:core.py:104 executing functools.partial(<built-in method execute of sqlite3.Cursor object at 0x00000201FC665D40>, 'CREATE INDEX ix_analyses_user_id ON analyses (user_id)', ())
DEBUG    aiosqlite:core.py:106 operation functools.partial(<built-in method execute of sqlite3.Cursor object at 0x00000201FC665D40>, 'CREATE INDEX ix_analyses_user_id ON analyses (user_id)', ()) completed
DEBUG    aiosqlite:core.py:104 executing functools.partial(<built-in method close of sqlite3.Cursor object at 0x00000201FC665D40>)
DEBUG    aiosqlite:core.py:106 operation functools.partial(<built-in method close of sqlite3.Cursor object at 0x00000201FC665D40>) completed
DEBUG    aiosqlite:core.py:104 executing functools.partial(<built-in method cursor of sqlite3.Connection object at 0x00000201FC6075B0>)
DEBUG    aiosqlite:core.py:106 operation functools.partial(<built-in method cursor of sqlite3.Connection object at 0x00000201FC6075B0>) completed
DEBUG    aiosqlite:core.py:104 executing functools.partial(<built-in method execute of sqlite3.Cursor object at 0x00000201FC667B40>, '\nCREATE TABLE training_data (\n\tid CHAR(32) NOT NULL, \n\tuser_id CHAR(32) NOT NULL, \n\tanalysis_id CHAR(32) NOT NULL, \n\tfeatures JSON NOT NULL, \n\tprediction VARCHAR(20) NOT NULL, \n\tcorrectness BOOLEAN, \n\tcreated_at DATETIME DEFAULT CURRENT_TIMESTAMP NOT NULL, \n\tPRIMARY KEY (id), \n\tFOREIGN KEY(user_id) REFERENCES users (id)\n)\n\n', ())
DEBUG    aiosqlite:core.py:106 operation functools.partial(<built-in method execute of sqlite3.Cursor object at 0x00000201FC667B40>, '\nCREATE TABLE training_data (\n\tid CHAR(32) NOT NULL, \n\tuser_id CHAR(32) NOT NULL, \n\tanalysis_id CHAR(32) NOT NULL, \n\tfeatures JSON NOT NULL, \n\tprediction VARCHAR(20) NOT NULL, \n\tcorrectness BOOLEAN, \n\tcreated_at DATETIME DEFAULT CURRENT_TIMESTAMP NOT NULL, \n\tPRIMARY KEY (id), \n\tFOREIGN KEY(user_id) REFERENCES users (id)\n)\n\n', ()) completed
DEBUG    aiosqlite:core.py:104 executing functools.partial(<built-in method close of sqlite3.Cursor object at 0x00000201FC667B40>)
DEBUG    aiosqlite:core.py:106 operation functools.partial(<built-in method close of sqlite3.Cursor object at 0x00000201FC667B40>) completed
DEBUG    aiosqlite:core.py:104 executing functools.partial(<built-in method cursor of sqlite3.Connection object at 0x00000201FC6075B0>)
DEBUG    aiosqlite:core.py:106 operation functools.partial(<built-in method cursor of sqlite3.Connection object at 0x00000201FC6075B0>) completed
DEBUG    aiosqlite:core.py:104 executing functools.partial(<built-in method execute of sqlite3.Cursor object at 0x00000201FC6ADE40>, 'CREATE INDEX ix_training_data_analysis_id ON training_data (analysis_id)', ())
DEBUG    aiosqlite:core.py:106 operation functools.partial(<built-in method execute of sqlite3.Cursor object at 0x00000201FC6ADE40>, 'CREATE INDEX ix_training_data_analysis_id ON training_data (analysis_id)', ()) completed
DEBUG    aiosqlite:core.py:104 executing functools.partial(<built-in method close of sqlite3.Cursor object at 0x00000201FC6ADE40>)
DEBUG    aiosqlite:core.py:106 operation functools.partial(<built-in method close of sqlite3.Cursor object at 0x00000201FC6ADE40>) completed
DEBUG    aiosqlite:core.py:104 executing functools.partial(<built-in method cursor of sqlite3.Connection object at 0x00000201FC6075B0>)
DEBUG    aiosqlite:core.py:106 operation functools.partial(<built-in method cursor of sqlite3.Connection object at 0x00000201FC6075B0>) completed
DEBUG    aiosqlite:core.py:104 executing functools.partial(<built-in method execute of sqlite3.Cursor object at 0x00000201FC667A40>, 'CREATE INDEX ix_training_data_user_id ON training_data (user_id)', ())
DEBUG    aiosqlite:core.py:106 operation functools.partial(<built-in method execute of sqlite3.Cursor object at 0x00000201FC667A40>, 'CREATE INDEX ix_training_data_user_id ON training_data (user_id)', ()) completed
DEBUG    aiosqlite:core.py:104 executing functools.partial(<built-in method close of sqlite3.Cursor object at 0x00000201FC667A40>)
DEBUG    aiosqlite:core.py:106 operation functools.partial(<built-in method close of sqlite3.Cursor object at 0x00000201FC667A40>) completed
DEBUG    aiosqlite:core.py:104 executing functools.partial(<built-in method cursor of sqlite3.Connection object at 0x00000201FC6075B0>)
DEBUG    aiosqlite:core.py:106 operation functools.partial(<built-in method cursor of sqlite3.Connection object at 0x00000201FC6075B0>) completed
DEBUG    aiosqlite:core.py:104 executing functools.partial(<built-in method execute of sqlite3.Cursor object at 0x00000201FC6669C0>, '\nCREATE TABLE credits (\n\tuser_id CHAR(32) NOT NULL, \n\tremaining INTEGER NOT NULL, \n\tlast_reset DATETIME DEFAULT CURRENT_TIMESTAMP NOT NULL, \n\tPRIMARY KEY (user_id), \n\tFOREIGN KEY(user_id) REFERENCES users (id)\n)\n\n', ())
DEBUG    aiosqlite:core.py:106 operation functools.partial(<built-in method execute of sqlite3.Cursor object at 0x00000201FC6669C0>, '\nCREATE TABLE credits (\n\tuser_id CHAR(32) NOT NULL, \n\tremaining INTEGER NOT NULL, \n\tlast_reset DATETIME DEFAULT CURRENT_TIMESTAMP NOT NULL, \n\tPRIMARY KEY (user_id), \n\tFOREIGN KEY(user_id) REFERENCES users (id)\n)\n\n', ()) completed
DEBUG    aiosqlite:core.py:104 executing functools.partial(<built-in method close of sqlite3.Cursor object at 0x00000201FC6669C0>)
DEBUG    aiosqlite:core.py:106 operation functools.partial(<built-in method close of sqlite3.Cursor object at 0x00000201FC6669C0>) completed
DEBUG    aiosqlite:core.py:104 executing functools.partial(<built-in method cursor of sqlite3.Connection object at 0x00000201FC6075B0>)
DEBUG    aiosqlite:core.py:106 operation functools.partial(<built-in method cursor of sqlite3.Connection object at 0x00000201FC6075B0>) completed
DEBUG    aiosqlite:core.py:104 executing functools.partial(<built-in method execute of sqlite3.Cursor object at 0x00000201FC667840>, '\nCREATE TABLE feedback (\n\tid CHAR(32) NOT NULL, \n\tanalysis_id CHAR(32) NOT NULL, \n\tuser_id CHAR(32) NOT NULL, \n\tis_helpful BOOLEAN NOT NULL, \n\tcreated_at DATETIME DEFAULT CURRENT_TIMESTAMP NOT NULL, \n\tPRIMARY KEY (id), \n\tFOREIGN KEY(analysis_id) REFERENCES analyses (id), \n\tFOREIGN KEY(user_id) REFERENCES users (id)\n)\n\n', ())
DEBUG    aiosqlite:core.py:106 operation functools.partial(<built-in method execute of sqlite3.Cursor object at 0x00000201FC667840>, '\nCREATE TABLE feedback (\n\tid CHAR(32) NOT NULL, \n\tanalysis_id CHAR(32) NOT NULL, \n\tuser_id CHAR(32) NOT NULL, \n\tis_helpful BOOLEAN NOT NULL, \n\tcreated_at DATETIME DEFAULT CURRENT_TIMESTAMP NOT NULL, \n\tPRIMARY KEY (id), \n\tFOREIGN KEY(analysis_id) REFERENCES analyses (id), \n\tFOREIGN KEY(user_id) REFERENCES users (id)\n)\n\n', ()) completed
DEBUG    aiosqlite:core.py:104 executing functools.partial(<built-in method close of sqlite3.Cursor object at 0x00000201FC667840>)
DEBUG    aiosqlite:core.py:106 operation functools.partial(<built-in method close of sqlite3.Cursor object at 0x00000201FC667840>) completed
DEBUG    aiosqlite:core.py:104 executing functools.partial(<built-in method cursor of sqlite3.Connection object at 0x00000201FC6075B0>)
DEBUG    aiosqlite:core.py:106 operation functools.partial(<built-in method cursor of sqlite3.Connection object at 0x00000201FC6075B0>) completed
DEBUG    aiosqlite:core.py:104 executing functools.partial(<built-in method execute of sqlite3.Cursor object at 0x00000201FC6AEBC0>, 'CREATE INDEX ix_feedback_analysis_id ON feedback (analysis_id)', ())
DEBUG    aiosqlite:core.py:106 operation functools.partial(<built-in method execute of sqlite3.Cursor object at 0x00000201FC6AEBC0>, 'CREATE INDEX ix_feedback_analysis_id ON feedback (analysis_id)', ()) completed
DEBUG    aiosqlite:core.py:104 executing functools.partial(<built-in method close of sqlite3.Cursor object at 0x00000201FC6AEBC0>)
DEBUG    aiosqlite:core.py:106 operation functools.partial(<built-in method close of sqlite3.Cursor object at 0x00000201FC6AEBC0>) completed
DEBUG    aiosqlite:core.py:104 executing functools.partial(<built-in method cursor of sqlite3.Connection object at 0x00000201FC6075B0>)
DEBUG    aiosqlite:core.py:106 operation functools.partial(<built-in method cursor of sqlite3.Connection object at 0x00000201FC6075B0>) completed
DEBUG    aiosqlite:core.py:104 executing functools.partial(<built-in method execute of sqlite3.Cursor object at 0x00000201FC6AE840>, 'CREATE INDEX ix_feedback_user_id ON feedback (user_id)', ())
DEBUG    aiosqlite:core.py:106 operation functools.partial(<built-in method execute of sqlite3.Cursor object at 0x00000201FC6AE840>, 'CREATE INDEX ix_feedback_user_id ON feedback (user_id)', ()) completed
DEBUG    aiosqlite:core.py:104 executing functools.partial(<built-in method close of sqlite3.Cursor object at 0x00000201FC6AE840>)
DEBUG    aiosqlite:core.py:106 operation functools.partial(<built-in method close of sqlite3.Cursor object at 0x00000201FC6AE840>) completed
DEBUG    aiosqlite:core.py:104 executing functools.partial(<built-in method commit of sqlite3.Connection object at 0x00000201FC6075B0>)
DEBUG    aiosqlite:core.py:106 operation functools.partial(<built-in method commit of sqlite3.Connection object at 0x00000201FC6075B0>) completed
DEBUG    aiosqlite:core.py:104 executing functools.partial(<built-in method rollback of sqlite3.Connection object at 0x00000201FC6075B0>)
DEBUG    aiosqlite:core.py:106 operation functools.partial(<built-in method rollback of sqlite3.Connection object at 0x00000201FC6075B0>) completed
-------------------------------- live log call --------------------------------
INFO     app.middleware.logging:logging.py:19 Request started | request_id=6a04acef-e337-49f1-9aee-eb2040db9df9 method=POST path=/auth/signup
DEBUG    app.features.auth.service:service.py:15 AuthService initialized
INFO     app.features.auth.router:router.py:31 Signup attempt for email: test@velra.app
DEBUG    aiosqlite:core.py:104 executing functools.partial(<built-in method cursor of sqlite3.Connection object at 0x00000201FC6075B0>)
DEBUG    aiosqlite:core.py:106 operation functools.partial(<built-in method cursor of sqlite3.Connection object at 0x00000201FC6075B0>) completed
DEBUG    aiosqlite:core.py:104 executing functools.partial(<built-in method execute of sqlite3.Cursor object at 0x00000201FC880AC0>, 'SELECT users.id, users.email, users.password_hash, users.provider, users.provider_id, users.accepted_tc, users.created_at \nFROM users \nWHERE users.email = ?', ('test@velra.app',))
DEBUG    aiosqlite:core.py:106 operation functools.partial(<built-in method execute of sqlite3.Cursor object at 0x00000201FC880AC0>, 'SELECT users.id, users.email, users.password_hash, users.provider, users.provider_id, users.accepted_tc, users.created_at \nFROM users \nWHERE users.email = ?', ('test@velra.app',)) completed
DEBUG    aiosqlite:core.py:104 executing functools.partial(<built-in method fetchall of sqlite3.Cursor object at 0x00000201FC880AC0>)
DEBUG    aiosqlite:core.py:106 operation functools.partial(<built-in method fetchall of sqlite3.Cursor object at 0x00000201FC880AC0>) completed
DEBUG    aiosqlite:core.py:104 executing functools.partial(<built-in method close of sqlite3.Cursor object at 0x00000201FC880AC0>)
DEBUG    aiosqlite:core.py:106 operation functools.partial(<built-in method close of sqlite3.Cursor object at 0x00000201FC880AC0>) completed
INFO     app.features.auth.router:router.py:47 Committing new user to database...
DEBUG    aiosqlite:core.py:104 executing functools.partial(<built-in method cursor of sqlite3.Connection object at 0x00000201FC6075B0>)
DEBUG    aiosqlite:core.py:106 operation functools.partial(<built-in method cursor of sqlite3.Connection object at 0x00000201FC6075B0>) completed
DEBUG    aiosqlite:core.py:104 executing functools.partial(<built-in method execute of sqlite3.Cursor object at 0x00000201FC61F0C0>, 'INSERT INTO users (id, email, password_hash, provider, provider_id, accepted_tc) VALUES (?, ?, ?, ?, ?, ?) RETURNING created_at', ('ffcf03a11b5442c78758082d19ec7fa0', 'test@velra.app', '$2b$12$NiBZUh52A2YeAxQMyvHJ..d1LszmKb5bB8orvjuSLvCF3Y4SLr0hS', 'email', None, 0))
DEBUG    aiosqlite:core.py:106 operation functools.partial(<built-in method execute of sqlite3.Cursor object at 0x00000201FC61F0C0>, 'INSERT INTO users (id, email, password_hash, provider, provider_id, accepted_tc) VALUES (?, ?, ?, ?, ?, ?) RETURNING created_at', ('ffcf03a11b5442c78758082d19ec7fa0', 'test@velra.app', '$2b$12$NiBZUh52A2YeAxQMyvHJ..d1LszmKb5bB8orvjuSLvCF3Y4SLr0hS', 'email', None, 0)) completed
DEBUG    aiosqlite:core.py:104 executing functools.partial(<built-in method fetchall of sqlite3.Cursor object at 0x00000201FC61F0C0>)
DEBUG    aiosqlite:core.py:106 operation functools.partial(<built-in method fetchall of sqlite3.Cursor object at 0x00000201FC61F0C0>) completed
DEBUG    aiosqlite:core.py:104 executing functools.partial(<built-in method close of sqlite3.Cursor object at 0x00000201FC61F0C0>)
DEBUG    aiosqlite:core.py:106 operation functools.partial(<built-in method close of sqlite3.Cursor object at 0x00000201FC61F0C0>) completed
DEBUG    aiosqlite:core.py:104 executing functools.partial(<built-in method commit of sqlite3.Connection object at 0x00000201FC6075B0>)
DEBUG    aiosqlite:core.py:106 operation functools.partial(<built-in method commit of sqlite3.Connection object at 0x00000201FC6075B0>) completed
DEBUG    aiosqlite:core.py:104 executing functools.partial(<built-in method rollback of sqlite3.Connection object at 0x00000201FC6075B0>)
DEBUG    aiosqlite:core.py:106 operation functools.partial(<built-in method rollback of sqlite3.Connection object at 0x00000201FC6075B0>) completed
DEBUG    aiosqlite:core.py:104 executing functools.partial(<built-in method cursor of sqlite3.Connection object at 0x00000201FC6075B0>)
DEBUG    aiosqlite:core.py:106 operation functools.partial(<built-in method cursor of sqlite3.Connection object at 0x00000201FC6075B0>) completed
DEBUG    aiosqlite:core.py:104 executing functools.partial(<built-in method execute of sqlite3.Cursor object at 0x00000201FC881B40>, 'SELECT users.id, users.email, users.password_hash, users.provider, users.provider_id, users.accepted_tc, users.created_at \nFROM users \nWHERE users.id = ?', ('ffcf03a11b5442c78758082d19ec7fa0',))
DEBUG    aiosqlite:core.py:106 operation functools.partial(<built-in method execute of sqlite3.Cursor object at 0x00000201FC881B40>, 'SELECT users.id, users.email, users.password_hash, users.provider, users.provider_id, users.accepted_tc, users.created_at \nFROM users \nWHERE users.id = ?', ('ffcf03a11b5442c78758082d19ec7fa0',)) completed
DEBUG    aiosqlite:core.py:104 executing functools.partial(<built-in method fetchall of sqlite3.Cursor object at 0x00000201FC881B40>)
DEBUG    aiosqlite:core.py:106 operation functools.partial(<built-in method fetchall of sqlite3.Cursor object at 0x00000201FC881B40>) completed
DEBUG    aiosqlite:core.py:104 executing functools.partial(<built-in method close of sqlite3.Cursor object at 0x00000201FC881B40>)
DEBUG    aiosqlite:core.py:106 operation functools.partial(<built-in method close of sqlite3.Cursor object at 0x00000201FC881B40>) completed
INFO     app.features.auth.router:router.py:50 User successfully persisted and refreshed. ID: ffcf03a1-1b54-42c7-8758-082d19ec7fa0
INFO     app.middleware.logging:logging.py:35 Request completed | request_id=6a04acef-e337-49f1-9aee-eb2040db9df9 method=POST path=/auth/signup status_code=201 duration_ms=321.17
WARNING  app.core.email:email.py:32 Email sending skipped for test@velra.app: SUPABASE_SERVICE_ROLE_KEY missing.
--- SIMULATED SUPABASE EMAIL TO test@velra.app ---
Action: Triggering 'signup' (Confirm Your Signup) template.
--- END SIMULATION ---
INFO     httpx:_client.py:1740 HTTP Request: POST http://test/auth/signup "HTTP/1.1 201 Created"
INFO     app.middleware.logging:logging.py:19 Request started | request_id=087971ea-8e3c-48f6-8122-dacbc1ad217b method=POST path=/auth/login
DEBUG    app.features.auth.service:service.py:15 AuthService initialized
INFO     app.features.auth.router:router.py:72 Login attempt for email: test@velra.app
DEBUG    aiosqlite:core.py:104 executing functools.partial(<built-in method cursor of sqlite3.Connection object at 0x00000201FC6075B0>)
DEBUG    aiosqlite:core.py:106 operation functools.partial(<built-in method cursor of sqlite3.Connection object at 0x00000201FC6075B0>) completed
DEBUG    aiosqlite:core.py:104 executing functools.partial(<built-in method execute of sqlite3.Cursor object at 0x00000201FC882840>, 'SELECT users.id, users.email, users.password_hash, users.provider, users.provider_id, users.accepted_tc, users.created_at \nFROM users \nWHERE users.email = ?', ('test@velra.app',))
DEBUG    aiosqlite:core.py:106 operation functools.partial(<built-in method execute of sqlite3.Cursor object at 0x00000201FC882840>, 'SELECT users.id, users.email, users.password_hash, users.provider, users.provider_id, users.accepted_tc, users.created_at \nFROM users \nWHERE users.email = ?', ('test@velra.app',)) completed
DEBUG    aiosqlite:core.py:104 executing functools.partial(<built-in method fetchall of sqlite3.Cursor object at 0x00000201FC882840>)
DEBUG    aiosqlite:core.py:106 operation functools.partial(<built-in method fetchall of sqlite3.Cursor object at 0x00000201FC882840>) completed
DEBUG    aiosqlite:core.py:104 executing functools.partial(<built-in method close of sqlite3.Cursor object at 0x00000201FC882840>)
DEBUG    aiosqlite:core.py:106 operation functools.partial(<built-in method close of sqlite3.Cursor object at 0x00000201FC882840>) completed
INFO     app.features.auth.router:router.py:94 User test@velra.app successfully logged in.
INFO     app.middleware.logging:logging.py:35 Request completed | request_id=087971ea-8e3c-48f6-8122-dacbc1ad217b method=POST path=/auth/login status_code=200 duration_ms=290.05
INFO     httpx:_client.py:1740 HTTP Request: POST http://test/auth/login "HTTP/1.1 200 OK"
INFO     app.middleware.logging:logging.py:19 Request started | request_id=ca2c63cd-9dcb-410a-8460-851f9f3fe33e method=POST path=/analyze-chat
DEBUG    app.features.auth.service:service.py:15 AuthService initialized
DEBUG    aiosqlite:core.py:104 executing functools.partial(<built-in method cursor of sqlite3.Connection object at 0x00000201FC6075B0>)
DEBUG    aiosqlite:core.py:106 operation functools.partial(<built-in method cursor of sqlite3.Connection object at 0x00000201FC6075B0>) completed
DEBUG    aiosqlite:core.py:104 executing functools.partial(<built-in method execute of sqlite3.Cursor object at 0x00000201FC882F40>, 'SELECT users.id, users.email, users.password_hash, users.provider, users.provider_id, users.accepted_tc, users.created_at \nFROM users \nWHERE users.id = ?', ('ffcf03a11b5442c78758082d19ec7fa0',))
DEBUG    aiosqlite:core.py:106 operation functools.partial(<built-in method execute of sqlite3.Cursor object at 0x00000201FC882F40>, 'SELECT users.id, users.email, users.password_hash, users.provider, users.provider_id, users.accepted_tc, users.created_at \nFROM users \nWHERE users.id = ?', ('ffcf03a11b5442c78758082d19ec7fa0',)) completed
DEBUG    aiosqlite:core.py:104 executing functools.partial(<built-in method fetchall of sqlite3.Cursor object at 0x00000201FC882F40>)
DEBUG    aiosqlite:core.py:106 operation functools.partial(<built-in method fetchall of sqlite3.Cursor object at 0x00000201FC882F40>) completed
DEBUG    aiosqlite:core.py:104 executing functools.partial(<built-in method close of sqlite3.Cursor object at 0x00000201FC882F40>)
DEBUG    aiosqlite:core.py:106 operation functools.partial(<built-in method close of sqlite3.Cursor object at 0x00000201FC882F40>) completed
INFO     app.features.chat_analysis.router:router.py:47 Analysis request received | user_id=ffcf03a1-1b54-42c7-8758-082d19ec7fa0 content_length=2
INFO     app.features.chat_analysis.router:router.py:65 Starting fresh analysis | user_id=ffcf03a1-1b54-42c7-8758-082d19ec7fa0
DEBUG    aiosqlite:core.py:104 executing functools.partial(<built-in method cursor of sqlite3.Connection object at 0x00000201FC6075B0>)
DEBUG    aiosqlite:core.py:106 operation functools.partial(<built-in method cursor of sqlite3.Connection object at 0x00000201FC6075B0>) completed
DEBUG    aiosqlite:core.py:104 executing functools.partial(<built-in method execute of sqlite3.Cursor object at 0x00000201FC8824C0>, 'SELECT credits.user_id, credits.remaining, credits.last_reset \nFROM credits \nWHERE credits.user_id = ?', ('ffcf03a11b5442c78758082d19ec7fa0',))
DEBUG    aiosqlite:core.py:106 operation functools.partial(<built-in method execute of sqlite3.Cursor object at 0x00000201FC8824C0>, 'SELECT credits.user_id, credits.remaining, credits.last_reset \nFROM credits \nWHERE credits.user_id = ?', ('ffcf03a11b5442c78758082d19ec7fa0',)) completed
DEBUG    aiosqlite:core.py:104 executing functools.partial(<built-in method fetchall of sqlite3.Cursor object at 0x00000201FC8824C0>)
DEBUG    aiosqlite:core.py:106 operation functools.partial(<built-in method fetchall of sqlite3.Cursor object at 0x00000201FC8824C0>) completed
DEBUG    aiosqlite:core.py:104 executing functools.partial(<built-in method close of sqlite3.Cursor object at 0x00000201FC8824C0>)
DEBUG    aiosqlite:core.py:106 operation functools.partial(<built-in method close of sqlite3.Cursor object at 0x00000201FC8824C0>) completed
DEBUG    aiosqlite:core.py:104 executing functools.partial(<built-in method cursor of sqlite3.Connection object at 0x00000201FC6075B0>)
DEBUG    aiosqlite:core.py:106 operation functools.partial(<built-in method cursor of sqlite3.Connection object at 0x00000201FC6075B0>) completed
DEBUG    aiosqlite:core.py:104 executing functools.partial(<built-in method execute of sqlite3.Cursor object at 0x00000201FC882DC0>, 'INSERT INTO credits (user_id, remaining, last_reset) VALUES (?, ?, ?)', ('ffcf03a11b5442c78758082d19ec7fa0', 5, '2026-05-03 12:12:54.252887'))
DEBUG    aiosqlite:core.py:106 operation functools.partial(<built-in method execute of sqlite3.Cursor object at 0x00000201FC882DC0>, 'INSERT INTO credits (user_id, remaining, last_reset) VALUES (?, ?, ?)', ('ffcf03a11b5442c78758082d19ec7fa0', 5, '2026-05-03 12:12:54.252887')) completed
DEBUG    aiosqlite:core.py:104 executing functools.partial(<built-in method close of sqlite3.Cursor object at 0x00000201FC882DC0>)
DEBUG    aiosqlite:core.py:106 operation functools.partial(<built-in method close of sqlite3.Cursor object at 0x00000201FC882DC0>) completed
DEBUG    aiosqlite:core.py:104 executing functools.partial(<built-in method commit of sqlite3.Connection object at 0x00000201FC6075B0>)
DEBUG    aiosqlite:core.py:106 operation functools.partial(<built-in method commit of sqlite3.Connection object at 0x00000201FC6075B0>) completed
DEBUG    aiosqlite:core.py:104 executing functools.partial(<built-in method rollback of sqlite3.Connection object at 0x00000201FC6075B0>)
DEBUG    aiosqlite:core.py:106 operation functools.partial(<built-in method rollback of sqlite3.Connection object at 0x00000201FC6075B0>) completed
DEBUG    aiosqlite:core.py:104 executing functools.partial(<built-in method cursor of sqlite3.Connection object at 0x00000201FC6075B0>)
DEBUG    aiosqlite:core.py:106 operation functools.partial(<built-in method cursor of sqlite3.Connection object at 0x00000201FC6075B0>) completed
DEBUG    aiosqlite:core.py:104 executing functools.partial(<built-in method execute of sqlite3.Cursor object at 0x00000201FC883EC0>, 'SELECT credits.user_id, credits.remaining, credits.last_reset \nFROM credits \nWHERE credits.user_id = ?', ('ffcf03a11b5442c78758082d19ec7fa0',))
DEBUG    aiosqlite:core.py:106 operation functools.partial(<built-in method execute of sqlite3.Cursor object at 0x00000201FC883EC0>, 'SELECT credits.user_id, credits.remaining, credits.last_reset \nFROM credits \nWHERE credits.user_id = ?', ('ffcf03a11b5442c78758082d19ec7fa0',)) completed
DEBUG    aiosqlite:core.py:104 executing functools.partial(<built-in method fetchall of sqlite3.Cursor object at 0x00000201FC883EC0>)
DEBUG    aiosqlite:core.py:106 operation functools.partial(<built-in method fetchall of sqlite3.Cursor object at 0x00000201FC883EC0>) completed
DEBUG    aiosqlite:core.py:104 executing functools.partial(<built-in method close of sqlite3.Cursor object at 0x00000201FC883EC0>)
DEBUG    aiosqlite:core.py:106 operation functools.partial(<built-in method close of sqlite3.Cursor object at 0x00000201FC883EC0>) completed
ERROR    app.features.chat_analysis.router:router.py:74 Chat analysis failed for user ffcf03a1-1b54-42c7-8758-082d19ec7fa0: name 'logger' is not defined
Traceback (most recent call last):
  File "E:\VELRA-INTELLIGENT DATING SYSTEM\app\features\chat_analysis\application\agents.py", line 82, in execute
    res = await self.openai_client.generate_structured(
          ^^^^^^^^^^^^^^^^^^^^^^^^^^^^^^^^^^^^^^^^^^^^^
    ...<3 lines>...
    )
    ^
  File "C:\Users\HP\AppData\Local\Programs\Python\Python313\Lib\unittest\mock.py", line 2330, in _execute_mock_call
    result = await effect(*args, **kwargs)
             ^^^^^^^^^^^^^^^^^^^^^^^^^^^^^
  File "E:\VELRA-INTELLIGENT DATING SYSTEM\tests\conftest.py", line 68, in mock_generate_structured
    from app.features.chat_analysis.schemas import (
        AIExpertAnalysis, AIInterestClassification, AIReplyGeneration, AIValidation, AIStrategyGeneration
    )
ImportError: cannot import name 'AIStrategyGeneration' from 'app.features.chat_analysis.schemas' (E:\VELRA-INTELLIGENT DATING SYSTEM\app\features\chat_analysis\schemas.py)

During handling of the above exception, another exception occurred:

Traceback (most recent call last):
  File "E:\VELRA-INTELLIGENT DATING SYSTEM\app\features\chat_analysis\router.py", line 67, in analyze_chat
    response = await service.analyze_chat(request=payload, session=session, user_id=user.id)
               ^^^^^^^^^^^^^^^^^^^^^^^^^^^^^^^^^^^^^^^^^^^^^^^^^^^^^^^^^^^^^^^^^^^^^^^^^^^^^
  File "E:\VELRA-INTELLIGENT DATING SYSTEM\app\features\chat_analysis\application\service.py", line 135, in analyze_chat
    response, usage = await strategy_agent.execute(
                      ^^^^^^^^^^^^^^^^^^^^^^^^^^^^^
    ...<4 lines>...
    )
    ^
  File "E:\VELRA-INTELLIGENT DATING SYSTEM\app\features\chat_analysis\application\agents.py", line 90, in execute
    logger.error(f"Strategy generation failed: {e}")
    ^^^^^^
NameError: name 'logger' is not defined
INFO     app.middleware.logging:logging.py:35 Request completed | request_id=ca2c63cd-9dcb-410a-8460-851f9f3fe33e method=POST path=/analyze-chat status_code=500 duration_ms=3455.57
INFO     httpx:_client.py:1740 HTTP Request: POST http://test/analyze-chat "HTTP/1.1 500 Internal Server Error"
FAILED
------------------------------ live log teardown ------------------------------
DEBUG    aiosqlite:core.py:104 executing functools.partial(<built-in method rollback of sqlite3.Connection object at 0x00000201FC6075B0>)
DEBUG    aiosqlite:core.py:106 operation functools.partial(<built-in method rollback of sqlite3.Connection object at 0x00000201FC6075B0>) completed
DEBUG    aiosqlite:core.py:104 executing functools.partial(<built-in method rollback of sqlite3.Connection object at 0x00000201FC6075B0>)
DEBUG    aiosqlite:core.py:106 operation functools.partial(<built-in method rollback of sqlite3.Connection object at 0x00000201FC6075B0>) completed
DEBUG    aiosqlite:core.py:104 executing functools.partial(<built-in method close of sqlite3.Connection object at 0x00000201FC6075B0>)
DEBUG    aiosqlite:core.py:106 operation functools.partial(<built-in method close of sqlite3.Connection object at 0x00000201FC6075B0>) completed
DEBUG    asyncio:proactor_events.py:631 Using proactor: IocpProactor


================================== FAILURES ===================================
______________________ test_full_auth_and_analysis_flow _______________________

client = <httpx.AsyncClient object at 0x00000201FC68E7B0>

    @pytest.mark.asyncio
    async def test_full_auth_and_analysis_flow(client: AsyncClient):
        # 1. Signup
        signup_data = {"email": "test@velra.app", "password": "password123"}
        resp = await client.post("/auth/signup", json=signup_data)
        assert resp.status_code == 201
        assert "access_token" in resp.json()
    
        # 2. Login
        login_data = {"email": "test@velra.app", "password": "password123"}
        resp = await client.post("/auth/login", json=login_data)
        assert resp.status_code == 200
        token = resp.json()["access_token"]
        headers = {"Authorization": f"Bearer {token}"}
    
        # 3. Analyze Chat
        analysis_data = {
            "messages": ["You: Hey", "Them: Hi! \U0001f480"],
            "context": "Casual"
        }
        resp = await client.post("/analyze-chat", json=analysis_data, headers=headers)
>       assert resp.status_code == 200
E       assert 500 == 200
E        +  where 500 = <Response [500 Internal Server Error]>.status_code

tests\test_e2e_flow.py:27: AssertionError
----------------------------- Captured log setup ------------------------------
DEBUG    asyncio:proactor_events.py:631 Using proactor: IocpProactor
DEBUG    asyncio:proactor_events.py:631 Using proactor: IocpProactor
DEBUG    asyncio:proactor_events.py:631 Using proactor: IocpProactor
DEBUG    aiosqlite:core.py:104 executing <function connect.<locals>.connector at 0x00000201FC6747C0>
DEBUG    aiosqlite:core.py:106 operation <function connect.<locals>.connector at 0x00000201FC6747C0> completed
DEBUG    aiosqlite:core.py:104 executing functools.partial(<built-in method create_function of sqlite3.Connection object at 0x00000201FC6075B0>, 'regexp', 2, <function SQLiteDialect_pysqlite.on_connect.<locals>.regexp at 0x00000201FC6740E0>, deterministic=True)
DEBUG    aiosqlite:core.py:106 operation functools.partial(<built-in method create_function of sqlite3.Connection object at 0x00000201FC6075B0>, 'regexp', 2, <function SQLiteDialect_pysqlite.on_connect.<locals>.regexp at 0x00000201FC6740E0>, deterministic=True) completed
DEBUG    aiosqlite:core.py:104 executing functools.partial(<built-in method create_function of sqlite3.Connection object at 0x00000201FC6075B0>, 'floor', 1, <built-in function floor>, deterministic=True)
DEBUG    aiosqlite:core.py:106 operation functools.partial(<built-in method create_function of sqlite3.Connection object at 0x00000201FC6075B0>, 'floor', 1, <built-in function floor>, deterministic=True) completed
DEBUG    aiosqlite:core.py:104 executing functools.partial(<built-in method cursor of sqlite3.Connection object at 0x00000201FC6075B0>)
DEBUG    aiosqlite:core.py:106 operation functools.partial(<built-in method cursor of sqlite3.Connection object at 0x00000201FC6075B0>) completed
DEBUG    aiosqlite:core.py:104 executing functools.partial(<built-in method execute of sqlite3.Cursor object at 0x00000201FC6653C0>, 'PRAGMA read_uncommitted', [])
DEBUG    aiosqlite:core.py:106 operation functools.partial(<built-in method execute of sqlite3.Cursor object at 0x00000201FC6653C0>, 'PRAGMA read_uncommitted', []) completed
DEBUG    aiosqlite:core.py:104 executing functools.partial(<built-in method fetchall of sqlite3.Cursor object at 0x00000201FC6653C0>)
DEBUG    aiosqlite:core.py:106 operation functools.partial(<built-in method fetchall of sqlite3.Cursor object at 0x00000201FC6653C0>) completed
DEBUG    aiosqlite:core.py:104 executing functools.partial(<built-in method close of sqlite3.Cursor object at 0x00000201FC6653C0>)
DEBUG    aiosqlite:core.py:106 operation functools.partial(<built-in method close of sqlite3.Cursor object at 0x00000201FC6653C0>) completed
DEBUG    aiosqlite:core.py:104 executing functools.partial(<built-in method rollback of sqlite3.Connection object at 0x00000201FC6075B0>)
DEBUG    aiosqlite:core.py:106 operation functools.partial(<built-in method rollback of sqlite3.Connection object at 0x00000201FC6075B0>) completed
DEBUG    aiosqlite:core.py:104 executing functools.partial(<built-in method cursor of sqlite3.Connection object at 0x00000201FC6075B0>)
DEBUG    aiosqlite:core.py:106 operation functools.partial(<built-in method cursor of sqlite3.Connection object at 0x00000201FC6075B0>) completed
DEBUG    aiosqlite:core.py:104 executing functools.partial(<built-in method execute of sqlite3.Cursor object at 0x00000201FC666040>, 'PRAGMA main.table_info("profiles")', ())
DEBUG    aiosqlite:core.py:106 operation functools.partial(<built-in method execute of sqlite3.Cursor object at 0x00000201FC666040>, 'PRAGMA main.table_info("profiles")', ()) completed
DEBUG    aiosqlite:core.py:104 executing functools.partial(<built-in method fetchall of sqlite3.Cursor object at 0x00000201FC666040>)
DEBUG    aiosqlite:core.py:106 operation functools.partial(<built-in method fetchall of sqlite3.Cursor object at 0x00000201FC666040>) completed
DEBUG    aiosqlite:core.py:104 executing functools.partial(<built-in method close of sqlite3.Cursor object at 0x00000201FC666040>)
DEBUG    aiosqlite:core.py:106 operation functools.partial(<built-in method close of sqlite3.Cursor object at 0x00000201FC666040>) completed
DEBUG    aiosqlite:core.py:104 executing functools.partial(<built-in method cursor of sqlite3.Connection object at 0x00000201FC6075B0>)
DEBUG    aiosqlite:core.py:106 operation functools.partial(<built-in method cursor of sqlite3.Connection object at 0x00000201FC6075B0>) completed
DEBUG    aiosqlite:core.py:104 executing functools.partial(<built-in method execute of sqlite3.Cursor object at 0x00000201FC665440>, 'PRAGMA temp.table_info("profiles")', ())
DEBUG    aiosqlite:core.py:106 operation functools.partial(<built-in method execute of sqlite3.Cursor object at 0x00000201FC665440>, 'PRAGMA temp.table_info("profiles")', ()) completed
DEBUG    aiosqlite:core.py:104 executing functools.partial(<built-in method fetchall of sqlite3.Cursor object at 0x00000201FC665440>)
DEBUG    aiosqlite:core.py:106 operation functools.partial(<built-in method fetchall of sqlite3.Cursor object at 0x00000201FC665440>) completed
DEBUG    aiosqlite:core.py:104 executing functools.partial(<built-in method close of sqlite3.Cursor object at 0x00000201FC665440>)
DEBUG    aiosqlite:core.py:106 operation functools.partial(<built-in method close of sqlite3.Cursor object at 0x00000201FC665440>) completed
DEBUG    aiosqlite:core.py:104 executing functools.partial(<built-in method cursor of sqlite3.Connection object at 0x00000201FC6075B0>)
DEBUG    aiosqlite:core.py:106 operation functools.partial(<built-in method cursor of sqlite3.Connection object at 0x00000201FC6075B0>) completed
DEBUG    aiosqlite:core.py:104 executing functools.partial(<built-in method execute of sqlite3.Cursor object at 0x00000201FC666140>, 'PRAGMA main.table_info("analyses")', ())
DEBUG    aiosqlite:core.py:106 operation functools.partial(<built-in method execute of sqlite3.Cursor object at 0x00000201FC666140>, 'PRAGMA main.table_info("analyses")', ()) completed
DEBUG    aiosqlite:core.py:104 executing functools.partial(<built-in method fetchall of sqlite3.Cursor object at 0x00000201FC666140>)
DEBUG    aiosqlite:core.py:106 operation functools.partial(<built-in method fetchall of sqlite3.Cursor object at 0x00000201FC666140>) completed
DEBUG    aiosqlite:core.py:104 executing functools.partial(<built-in method close of sqlite3.Cursor object at 0x00000201FC666140>)
DEBUG    aiosqlite:core.py:106 operation functools.partial(<built-in method close of sqlite3.Cursor object at 0x00000201FC666140>) completed
DEBUG    aiosqlite:core.py:104 executing functools.partial(<built-in method cursor of sqlite3.Connection object at 0x00000201FC6075B0>)
DEBUG    aiosqlite:core.py:106 operation functools.partial(<built-in method cursor of sqlite3.Connection object at 0x00000201FC6075B0>) completed
DEBUG    aiosqlite:core.py:104 executing functools.partial(<built-in method execute of sqlite3.Cursor object at 0x00000201FC6661C0>, 'PRAGMA temp.table_info("analyses")', ())
DEBUG    aiosqlite:core.py:106 operation functools.partial(<built-in method execute of sqlite3.Cursor object at 0x00000201FC6661C0>, 'PRAGMA temp.table_info("analyses")', ()) completed
DEBUG    aiosqlite:core.py:104 executing functools.partial(<built-in method fetchall of sqlite3.Cursor object at 0x00000201FC6661C0>)
DEBUG    aiosqlite:core.py:106 operation functools.partial(<built-in method fetchall of sqlite3.Cursor object at 0x00000201FC6661C0>) completed
DEBUG    aiosqlite:core.py:104 executing functools.partial(<built-in method close of sqlite3.Cursor object at 0x00000201FC6661C0>)
DEBUG    aiosqlite:core.py:106 operation functools.partial(<built-in method close of sqlite3.Cursor object at 0x00000201FC6661C0>) completed
DEBUG    aiosqlite:core.py:104 executing functools.partial(<built-in method cursor of sqlite3.Connection object at 0x00000201FC6075B0>)
DEBUG    aiosqlite:core.py:106 operation functools.partial(<built-in method cursor of sqlite3.Connection object at 0x00000201FC6075B0>) completed
DEBUG    aiosqlite:core.py:104 executing functools.partial(<built-in method execute of sqlite3.Cursor object at 0x00000201FC6662C0>, 'PRAGMA main.table_info("training_data")', ())
DEBUG    aiosqlite:core.py:106 operation functools.partial(<built-in method execute of sqlite3.Cursor object at 0x00000201FC6662C0>, 'PRAGMA main.table_info("training_data")', ()) completed
DEBUG    aiosqlite:core.py:104 executing functools.partial(<built-in method fetchall of sqlite3.Cursor object at 0x00000201FC6662C0>)
DEBUG    aiosqlite:core.py:106 operation functools.partial(<built-in method fetchall of sqlite3.Cursor object at 0x00000201FC6662C0>) completed
DEBUG    aiosqlite:core.py:104 executing functools.partial(<built-in method close of sqlite3.Cursor object at 0x00000201FC6662C0>)
DEBUG    aiosqlite:core.py:106 operation functools.partial(<built-in method close of sqlite3.Cursor object at 0x00000201FC6662C0>) completed
DEBUG    aiosqlite:core.py:104 executing functools.partial(<built-in method cursor of sqlite3.Connection object at 0x00000201FC6075B0>)
DEBUG    aiosqlite:core.py:106 operation functools.partial(<built-in method cursor of sqlite3.Connection object at 0x00000201FC6075B0>) completed
DEBUG    aiosqlite:core.py:104 executing functools.partial(<built-in method execute of sqlite3.Cursor object at 0x00000201FC666340>, 'PRAGMA temp.table_info("training_data")', ())
DEBUG    aiosqlite:core.py:106 operation functools.partial(<built-in method execute of sqlite3.Cursor object at 0x00000201FC666340>, 'PRAGMA temp.table_info("training_data")', ()) completed
DEBUG    aiosqlite:core.py:104 executing functools.partial(<built-in method fetchall of sqlite3.Cursor object at 0x00000201FC666340>)
DEBUG    aiosqlite:core.py:106 operation functools.partial(<built-in method fetchall of sqlite3.Cursor object at 0x00000201FC666340>) completed
DEBUG    aiosqlite:core.py:104 executing functools.partial(<built-in method close of sqlite3.Cursor object at 0x00000201FC666340>)
DEBUG    aiosqlite:core.py:106 operation functools.partial(<built-in method close of sqlite3.Cursor object at 0x00000201FC666340>) completed
DEBUG    aiosqlite:core.py:104 executing functools.partial(<built-in method cursor of sqlite3.Connection object at 0x00000201FC6075B0>)
DEBUG    aiosqlite:core.py:106 operation functools.partial(<built-in method cursor of sqlite3.Connection object at 0x00000201FC6075B0>) completed
DEBUG    aiosqlite:core.py:104 executing functools.partial(<built-in method execute of sqlite3.Cursor object at 0x00000201FC6663C0>, 'PRAGMA main.table_info("credits")', ())
DEBUG    aiosqlite:core.py:106 operation functools.partial(<built-in method execute of sqlite3.Cursor object at 0x00000201FC6663C0>, 'PRAGMA main.table_info("credits")', ()) completed
DEBUG    aiosqlite:core.py:104 executing functools.partial(<built-in method fetchall of sqlite3.Cursor object at 0x00000201FC6663C0>)
DEBUG    aiosqlite:core.py:106 operation functools.partial(<built-in method fetchall of sqlite3.Cursor object at 0x00000201FC6663C0>) completed
DEBUG    aiosqlite:core.py:104 executing functools.partial(<built-in method close of sqlite3.Cursor object at 0x00000201FC6663C0>)
DEBUG    aiosqlite:core.py:106 operation functools.partial(<built-in method close of sqlite3.Cursor object at 0x00000201FC6663C0>) completed
DEBUG    aiosqlite:core.py:104 executing functools.partial(<built-in method cursor of sqlite3.Connection object at 0x00000201FC6075B0>)
DEBUG    aiosqlite:core.py:106 operation functools.partial(<built-in method cursor of sqlite3.Connection object at 0x00000201FC6075B0>) completed
DEBUG    aiosqlite:core.py:104 executing functools.partial(<built-in method execute of sqlite3.Cursor object at 0x00000201FC666440>, 'PRAGMA temp.table_info("credits")', ())
DEBUG    aiosqlite:core.py:106 operation functools.partial(<built-in method execute of sqlite3.Cursor object at 0x00000201FC666440>, 'PRAGMA temp.table_info("credits")', ()) completed
DEBUG    aiosqlite:core.py:104 executing functools.partial(<built-in method fetchall of sqlite3.Cursor object at 0x00000201FC666440>)
DEBUG    aiosqlite:core.py:106 operation functools.partial(<built-in method fetchall of sqlite3.Cursor object at 0x00000201FC666440>) completed
DEBUG    aiosqlite:core.py:104 executing functools.partial(<built-in method close of sqlite3.Cursor object at 0x00000201FC666440>)
DEBUG    aiosqlite:core.py:106 operation functools.partial(<built-in method close of sqlite3.Cursor object at 0x00000201FC666440>) completed
DEBUG    aiosqlite:core.py:104 executing functools.partial(<built-in method cursor of sqlite3.Connection object at 0x00000201FC6075B0>)
DEBUG    aiosqlite:core.py:106 operation functools.partial(<built-in method cursor of sqlite3.Connection object at 0x00000201FC6075B0>) completed
DEBUG    aiosqlite:core.py:104 executing functools.partial(<built-in method execute of sqlite3.Cursor object at 0x00000201FC666540>, 'PRAGMA main.table_info("users")', ())
DEBUG    aiosqlite:core.py:106 operation functools.partial(<built-in method execute of sqlite3.Cursor object at 0x00000201FC666540>, 'PRAGMA main.table_info("users")', ()) completed
DEBUG    aiosqlite:core.py:104 executing functools.partial(<built-in method fetchall of sqlite3.Cursor object at 0x00000201FC666540>)
DEBUG    aiosqlite:core.py:106 operation functools.partial(<built-in method fetchall of sqlite3.Cursor object at 0x00000201FC666540>) completed
DEBUG    aiosqlite:core.py:104 executing functools.partial(<built-in method close of sqlite3.Cursor object at 0x00000201FC666540>)
DEBUG    aiosqlite:core.py:106 operation functools.partial(<built-in method close of sqlite3.Cursor object at 0x00000201FC666540>) completed
DEBUG    aiosqlite:core.py:104 executing functools.partial(<built-in method cursor of sqlite3.Connection object at 0x00000201FC6075B0>)
DEBUG    aiosqlite:core.py:106 operation functools.partial(<built-in method cursor of sqlite3.Connection object at 0x00000201FC6075B0>) completed
DEBUG    aiosqlite:core.py:104 executing functools.partial(<built-in method execute of sqlite3.Cursor object at 0x00000201FC6665C0>, 'PRAGMA temp.table_info("users")', ())
DEBUG    aiosqlite:core.py:106 operation functools.partial(<built-in method execute of sqlite3.Cursor object at 0x00000201FC6665C0>, 'PRAGMA temp.table_info("users")', ()) completed
DEBUG    aiosqlite:core.py:104 executing functools.partial(<built-in method fetchall of sqlite3.Cursor object at 0x00000201FC6665C0>)
DEBUG    aiosqlite:core.py:106 operation functools.partial(<built-in method fetchall of sqlite3.Cursor object at 0x00000201FC6665C0>) completed
DEBUG    aiosqlite:core.py:104 executing functools.partial(<built-in method close of sqlite3.Cursor object at 0x00000201FC6665C0>)
DEBUG    aiosqlite:core.py:106 operation functools.partial(<built-in method close of sqlite3.Cursor object at 0x00000201FC6665C0>) completed
DEBUG    aiosqlite:core.py:104 executing functools.partial(<built-in method cursor of sqlite3.Connection object at 0x00000201FC6075B0>)
DEBUG    aiosqlite:core.py:106 operation functools.partial(<built-in method cursor of sqlite3.Connection object at 0x00000201FC6075B0>) completed
DEBUG    aiosqlite:core.py:104 executing functools.partial(<built-in method execute of sqlite3.Cursor object at 0x00000201FC666640>, 'PRAGMA main.table_info("feedback")', ())
DEBUG    aiosqlite:core.py:106 operation functools.partial(<built-in method execute of sqlite3.Cursor object at 0x00000201FC666640>, 'PRAGMA main.table_info("feedback")', ()) completed
DEBUG    aiosqlite:core.py:104 executing functools.partial(<built-in method fetchall of sqlite3.Cursor object at 0x00000201FC666640>)
DEBUG    aiosqlite:core.py:106 operation functools.partial(<built-in method fetchall of sqlite3.Cursor object at 0x00000201FC666640>) completed
DEBUG    aiosqlite:core.py:104 executing functools.partial(<built-in method close of sqlite3.Cursor object at 0x00000201FC666640>)
DEBUG    aiosqlite:core.py:106 operation functools.partial(<built-in method close of sqlite3.Cursor object at 0x00000201FC666640>) completed
DEBUG    aiosqlite:core.py:104 executing functools.partial(<built-in method cursor of sqlite3.Connection object at 0x00000201FC6075B0>)
DEBUG    aiosqlite:core.py:106 operation functools.partial(<built-in method cursor of sqlite3.Connection object at 0x00000201FC6075B0>) completed
DEBUG    aiosqlite:core.py:104 executing functools.partial(<built-in method execute of sqlite3.Cursor object at 0x00000201FC6666C0>, 'PRAGMA temp.table_info("feedback")', ())
DEBUG    aiosqlite:core.py:106 operation functools.partial(<built-in method execute of sqlite3.Cursor object at 0x00000201FC6666C0>, 'PRAGMA temp.table_info("feedback")', ()) completed
DEBUG    aiosqlite:core.py:104 executing functools.partial(<built-in method fetchall of sqlite3.Cursor object at 0x00000201FC6666C0>)
DEBUG    aiosqlite:core.py:106 operation functools.partial(<built-in method fetchall of sqlite3.Cursor object at 0x00000201FC6666C0>) completed
DEBUG    aiosqlite:core.py:104 executing functools.partial(<built-in method close of sqlite3.Cursor object at 0x00000201FC6666C0>)
DEBUG    aiosqlite:core.py:106 operation functools.partial(<built-in method close of sqlite3.Cursor object at 0x00000201FC6666C0>) completed
DEBUG    aiosqlite:core.py:104 executing functools.partial(<built-in method cursor of sqlite3.Connection object at 0x00000201FC6075B0>)
DEBUG    aiosqlite:core.py:106 operation functools.partial(<built-in method cursor of sqlite3.Connection object at 0x00000201FC6075B0>) completed
DEBUG    aiosqlite:core.py:104 executing functools.partial(<built-in method execute of sqlite3.Cursor object at 0x00000201FC666740>, 'PRAGMA main.table_info("learning_patterns")', ())
DEBUG    aiosqlite:core.py:106 operation functools.partial(<built-in method execute of sqlite3.Cursor object at 0x00000201FC666740>, 'PRAGMA main.table_info("learning_patterns")', ()) completed
DEBUG    aiosqlite:core.py:104 executing functools.partial(<built-in method fetchall of sqlite3.Cursor object at 0x00000201FC666740>)
DEBUG    aiosqlite:core.py:106 operation functools.partial(<built-in method fetchall of sqlite3.Cursor object at 0x00000201FC666740>) completed
DEBUG    aiosqlite:core.py:104 executing functools.partial(<built-in method close of sqlite3.Cursor object at 0x00000201FC666740>)
DEBUG    aiosqlite:core.py:106 operation functools.partial(<built-in method close of sqlite3.Cursor object at 0x00000201FC666740>) completed
DEBUG    aiosqlite:core.py:104 executing functools.partial(<built-in method cursor of sqlite3.Connection object at 0x00000201FC6075B0>)
DEBUG    aiosqlite:core.py:106 operation functools.partial(<built-in method cursor of sqlite3.Connection object at 0x00000201FC6075B0>) completed
DEBUG    aiosqlite:core.py:104 executing functools.partial(<built-in method execute of sqlite3.Cursor object at 0x00000201FC6667C0>, 'PRAGMA temp.table_info("learning_patterns")', ())
DEBUG    aiosqlite:core.py:106 operation functools.partial(<built-in method execute of sqlite3.Cursor object at 0x00000201FC6667C0>, 'PRAGMA temp.table_info("learning_patterns")', ()) completed
DEBUG    aiosqlite:core.py:104 executing functools.partial(<built-in method fetchall of sqlite3.Cursor object at 0x00000201FC6667C0>)
DEBUG    aiosqlite:core.py:106 operation functools.partial(<built-in method fetchall of sqlite3.Cursor object at 0x00000201FC6667C0>) completed
DEBUG    aiosqlite:core.py:104 executing functools.partial(<built-in method close of sqlite3.Cursor object at 0x00000201FC6667C0>)
DEBUG    aiosqlite:core.py:106 operation functools.partial(<built-in method close of sqlite3.Cursor object at 0x00000201FC6667C0>) completed
DEBUG    aiosqlite:core.py:104 executing functools.partial(<built-in method cursor of sqlite3.Connection object at 0x00000201FC6075B0>)
DEBUG    aiosqlite:core.py:106 operation functools.partial(<built-in method cursor of sqlite3.Connection object at 0x00000201FC6075B0>) completed
DEBUG    aiosqlite:core.py:104 executing functools.partial(<built-in method execute of sqlite3.Cursor object at 0x00000201FC61FD40>, '\nCREATE TABLE users (\n\tid CHAR(32) NOT NULL, \n\temail VARCHAR(255) NOT NULL, \n\tpassword_hash VARCHAR(255), \n\tprovider VARCHAR(50) NOT NULL, \n\tprovider_id VARCHAR(255), \n\taccepted_tc BOOLEAN NOT NULL, \n\tcreated_at DATETIME DEFAULT CURRENT_TIMESTAMP NOT NULL, \n\tPRIMARY KEY (id)\n)\n\n', ())
DEBUG    aiosqlite:core.py:106 operation functools.partial(<built-in method execute of sqlite3.Cursor object at 0x00000201FC61FD40>, '\nCREATE TABLE users (\n\tid CHAR(32) NOT NULL, \n\temail VARCHAR(255) NOT NULL, \n\tpassword_hash VARCHAR(255), \n\tprovider VARCHAR(50) NOT NULL, \n\tprovider_id VARCHAR(255), \n\taccepted_tc BOOLEAN NOT NULL, \n\tcreated_at DATETIME DEFAULT CURRENT_TIMESTAMP NOT NULL, \n\tPRIMARY KEY (id)\n)\n\n', ()) completed
DEBUG    aiosqlite:core.py:104 executing functools.partial(<built-in method close of sqlite3.Cursor object at 0x00000201FC61FD40>)
DEBUG    aiosqlite:core.py:106 operation functools.partial(<built-in method close of sqlite3.Cursor object at 0x00000201FC61FD40>) completed
DEBUG    aiosqlite:core.py:104 executing functools.partial(<built-in method cursor of sqlite3.Connection object at 0x00000201FC6075B0>)
DEBUG    aiosqlite:core.py:106 operation functools.partial(<built-in method cursor of sqlite3.Connection object at 0x00000201FC6075B0>) completed
DEBUG    aiosqlite:core.py:104 executing functools.partial(<built-in method execute of sqlite3.Cursor object at 0x00000201FC666D40>, 'CREATE UNIQUE INDEX ix_users_email ON users (email)', ())
DEBUG    aiosqlite:core.py:106 operation functools.partial(<built-in method execute of sqlite3.Cursor object at 0x00000201FC666D40>, 'CREATE UNIQUE INDEX ix_users_email ON users (email)', ()) completed
DEBUG    aiosqlite:core.py:104 executing functools.partial(<built-in method close of sqlite3.Cursor object at 0x00000201FC666D40>)
DEBUG    aiosqlite:core.py:106 operation functools.partial(<built-in method close of sqlite3.Cursor object at 0x00000201FC666D40>) completed
DEBUG    aiosqlite:core.py:104 executing functools.partial(<built-in method cursor of sqlite3.Connection object at 0x00000201FC6075B0>)
DEBUG    aiosqlite:core.py:106 operation functools.partial(<built-in method cursor of sqlite3.Connection object at 0x00000201FC6075B0>) completed
DEBUG    aiosqlite:core.py:104 executing functools.partial(<built-in method execute of sqlite3.Cursor object at 0x00000201FC61DD40>, '\nCREATE TABLE learning_patterns (\n\tid CHAR(32) NOT NULL, \n\tpattern VARCHAR(500) NOT NULL, \n\tsuccess_rate FLOAT NOT NULL, \n\toccurrences INTEGER NOT NULL, \n\tupdated_at DATETIME DEFAULT CURRENT_TIMESTAMP NOT NULL, \n\tPRIMARY KEY (id)\n)\n\n', ())
DEBUG    aiosqlite:core.py:106 operation functools.partial(<built-in method execute of sqlite3.Cursor object at 0x00000201FC61DD40>, '\nCREATE TABLE learning_patterns (\n\tid CHAR(32) NOT NULL, \n\tpattern VARCHAR(500) NOT NULL, \n\tsuccess_rate FLOAT NOT NULL, \n\toccurrences INTEGER NOT NULL, \n\tupdated_at DATETIME DEFAULT CURRENT_TIMESTAMP NOT NULL, \n\tPRIMARY KEY (id)\n)\n\n', ()) completed
DEBUG    aiosqlite:core.py:104 executing functools.partial(<built-in method close of sqlite3.Cursor object at 0x00000201FC61DD40>)
DEBUG    aiosqlite:core.py:106 operation functools.partial(<built-in method close of sqlite3.Cursor object at 0x00000201FC61DD40>) completed
DEBUG    aiosqlite:core.py:104 executing functools.partial(<built-in method cursor of sqlite3.Connection object at 0x00000201FC6075B0>)
DEBUG    aiosqlite:core.py:106 operation functools.partial(<built-in method cursor of sqlite3.Connection object at 0x00000201FC6075B0>) completed
DEBUG    aiosqlite:core.py:104 executing functools.partial(<built-in method execute of sqlite3.Cursor object at 0x00000201FC6674C0>, '\nCREATE TABLE profiles (\n\tid CHAR(32) NOT NULL, \n\tuser_id CHAR(32) NOT NULL, \n\traw_text TEXT NOT NULL, \n\tsource VARCHAR(20) NOT NULL, \n\textracted_traits JSON NOT NULL, \n\tcreated_at DATETIME DEFAULT CURRENT_TIMESTAMP NOT NULL, \n\tPRIMARY KEY (id), \n\tFOREIGN KEY(user_id) REFERENCES users (id)\n)\n\n', ())
DEBUG    aiosqlite:core.py:106 operation functools.partial(<built-in method execute of sqlite3.Cursor object at 0x00000201FC6674C0>, '\nCREATE TABLE profiles (\n\tid CHAR(32) NOT NULL, \n\tuser_id CHAR(32) NOT NULL, \n\traw_text TEXT NOT NULL, \n\tsource VARCHAR(20) NOT NULL, \n\textracted_traits JSON NOT NULL, \n\tcreated_at DATETIME DEFAULT CURRENT_TIMESTAMP NOT NULL, \n\tPRIMARY KEY (id), \n\tFOREIGN KEY(user_id) REFERENCES users (id)\n)\n\n', ()) completed
DEBUG    aiosqlite:core.py:104 executing functools.partial(<built-in method close of sqlite3.Cursor object at 0x00000201FC6674C0>)
DEBUG    aiosqlite:core.py:106 operation functools.partial(<built-in method close of sqlite3.Cursor object at 0x00000201FC6674C0>) completed
DEBUG    aiosqlite:core.py:104 executing functools.partial(<built-in method cursor of sqlite3.Connection object at 0x00000201FC6075B0>)
DEBUG    aiosqlite:core.py:106 operation functools.partial(<built-in method cursor of sqlite3.Connection object at 0x00000201FC6075B0>) completed
DEBUG    aiosqlite:core.py:104 executing functools.partial(<built-in method execute of sqlite3.Cursor object at 0x00000201FC664FC0>, 'CREATE INDEX ix_profiles_user_id ON profiles (user_id)', ())
DEBUG    aiosqlite:core.py:106 operation functools.partial(<built-in method execute of sqlite3.Cursor object at 0x00000201FC664FC0>, 'CREATE INDEX ix_profiles_user_id ON profiles (user_id)', ()) completed
DEBUG    aiosqlite:core.py:104 executing functools.partial(<built-in method close of sqlite3.Cursor object at 0x00000201FC664FC0>)
DEBUG    aiosqlite:core.py:106 operation functools.partial(<built-in method close of sqlite3.Cursor object at 0x00000201FC664FC0>) completed
DEBUG    aiosqlite:core.py:104 executing functools.partial(<built-in method cursor of sqlite3.Connection object at 0x00000201FC6075B0>)
DEBUG    aiosqlite:core.py:106 operation functools.partial(<built-in method cursor of sqlite3.Connection object at 0x00000201FC6075B0>) completed
DEBUG    aiosqlite:core.py:104 executing functools.partial(<built-in method execute of sqlite3.Cursor object at 0x00000201FC667CC0>, '\nCREATE TABLE analyses (\n\tid CHAR(32) NOT NULL, \n\tuser_id CHAR(32) NOT NULL, \n\trequest_hash VARCHAR(64) NOT NULL, \n\tcontext VARCHAR(64) NOT NULL, \n\tmessages JSON NOT NULL, \n\tfeatures JSON NOT NULL, \n\tflags JSON NOT NULL, \n\tseriousness_score INTEGER NOT NULL, \n\tinterest_level VARCHAR(20), \n\tpattern JSON NOT NULL, \n\tinsights TEXT NOT NULL, \n\tsuggested_action VARCHAR(1000) NOT NULL, \n\tprompt_tokens INTEGER NOT NULL, \n\tcompletion_tokens INTEGER NOT NULL, \n\ttotal_tokens INTEGER NOT NULL, \n\tcreated_at DATETIME DEFAULT CURRENT_TIMESTAMP NOT NULL, \n\tPRIMARY KEY (id), \n\tFOREIGN KEY(user_id) REFERENCES users (id)\n)\n\n', ())
DEBUG    aiosqlite:core.py:106 operation functools.partial(<built-in method execute of sqlite3.Cursor object at 0x00000201FC667CC0>, '\nCREATE TABLE analyses (\n\tid CHAR(32) NOT NULL, \n\tuser_id CHAR(32) NOT NULL, \n\trequest_hash VARCHAR(64) NOT NULL, \n\tcontext VARCHAR(64) NOT NULL, \n\tmessages JSON NOT NULL, \n\tfeatures JSON NOT NULL, \n\tflags JSON NOT NULL, \n\tseriousness_score INTEGER NOT NULL, \n\tinterest_level VARCHAR(20), \n\tpattern JSON NOT NULL, \n\tinsights TEXT NOT NULL, \n\tsuggested_action VARCHAR(1000) NOT NULL, \n\tprompt_tokens INTEGER NOT NULL, \n\tcompletion_tokens INTEGER NOT NULL, \n\ttotal_tokens INTEGER NOT NULL, \n\tcreated_at DATETIME DEFAULT CURRENT_TIMESTAMP NOT NULL, \n\tPRIMARY KEY (id), \n\tFOREIGN KEY(user_id) REFERENCES users (id)\n)\n\n', ()) completed
DEBUG    aiosqlite:core.py:104 executing functools.partial(<built-in method close of sqlite3.Cursor object at 0x00000201FC667CC0>)
DEBUG    aiosqlite:core.py:106 operation functools.partial(<built-in method close of sqlite3.Cursor object at 0x00000201FC667CC0>) completed
DEBUG    aiosqlite:core.py:104 executing functools.partial(<built-in method cursor of sqlite3.Connection object at 0x00000201FC6075B0>)
DEBUG    aiosqlite:core.py:106 operation functools.partial(<built-in method cursor of sqlite3.Connection object at 0x00000201FC6075B0>) completed
DEBUG    aiosqlite:core.py:104 executing functools.partial(<built-in method execute of sqlite3.Cursor object at 0x00000201FC6655C0>, 'CREATE INDEX ix_analyses_request_hash ON analyses (request_hash)', ())
DEBUG    aiosqlite:core.py:106 operation functools.partial(<built-in method execute of sqlite3.Cursor object at 0x00000201FC6655C0>, 'CREATE INDEX ix_analyses_request_hash ON analyses (request_hash)', ()) completed
DEBUG    aiosqlite:core.py:104 executing functools.partial(<built-in method close of sqlite3.Cursor object at 0x00000201FC6655C0>)
DEBUG    aiosqlite:core.py:106 operation functools.partial(<built-in method close of sqlite3.Cursor object at 0x00000201FC6655C0>) completed
DEBUG    aiosqlite:core.py:104 executing functools.partial(<built-in method cursor of sqlite3.Connection object at 0x00000201FC6075B0>)
DEBUG    aiosqlite:core.py:106 operation functools.partial(<built-in method cursor of sqlite3.Connection object at 0x00000201FC6075B0>) completed
DEBUG    aiosqlite:core.py:104 executing functools.partial(<built-in method execute of sqlite3.Cursor object at 0x00000201FC665D40>, 'CREATE INDEX ix_analyses_user_id ON analyses (user_id)', ())
DEBUG    aiosqlite:core.py:106 operation functools.partial(<built-in method execute of sqlite3.Cursor object at 0x00000201FC665D40>, 'CREATE INDEX ix_analyses_user_id ON analyses (user_id)', ()) completed
DEBUG    aiosqlite:core.py:104 executing functools.partial(<built-in method close of sqlite3.Cursor object at 0x00000201FC665D40>)
DEBUG    aiosqlite:core.py:106 operation functools.partial(<built-in method close of sqlite3.Cursor object at 0x00000201FC665D40>) completed
DEBUG    aiosqlite:core.py:104 executing functools.partial(<built-in method cursor of sqlite3.Connection object at 0x00000201FC6075B0>)
DEBUG    aiosqlite:core.py:106 operation functools.partial(<built-in method cursor of sqlite3.Connection object at 0x00000201FC6075B0>) completed
DEBUG    aiosqlite:core.py:104 executing functools.partial(<built-in method execute of sqlite3.Cursor object at 0x00000201FC667B40>, '\nCREATE TABLE training_data (\n\tid CHAR(32) NOT NULL, \n\tuser_id CHAR(32) NOT NULL, \n\tanalysis_id CHAR(32) NOT NULL, \n\tfeatures JSON NOT NULL, \n\tprediction VARCHAR(20) NOT NULL, \n\tcorrectness BOOLEAN, \n\tcreated_at DATETIME DEFAULT CURRENT_TIMESTAMP NOT NULL, \n\tPRIMARY KEY (id), \n\tFOREIGN KEY(user_id) REFERENCES users (id)\n)\n\n', ())
DEBUG    aiosqlite:core.py:106 operation functools.partial(<built-in method execute of sqlite3.Cursor object at 0x00000201FC667B40>, '\nCREATE TABLE training_data (\n\tid CHAR(32) NOT NULL, \n\tuser_id CHAR(32) NOT NULL, \n\tanalysis_id CHAR(32) NOT NULL, \n\tfeatures JSON NOT NULL, \n\tprediction VARCHAR(20) NOT NULL, \n\tcorrectness BOOLEAN, \n\tcreated_at DATETIME DEFAULT CURRENT_TIMESTAMP NOT NULL, \n\tPRIMARY KEY (id), \n\tFOREIGN KEY(user_id) REFERENCES users (id)\n)\n\n', ()) completed
DEBUG    aiosqlite:core.py:104 executing functools.partial(<built-in method close of sqlite3.Cursor object at 0x00000201FC667B40>)
DEBUG    aiosqlite:core.py:106 operation functools.partial(<built-in method close of sqlite3.Cursor object at 0x00000201FC667B40>) completed
DEBUG    aiosqlite:core.py:104 executing functools.partial(<built-in method cursor of sqlite3.Connection object at 0x00000201FC6075B0>)
DEBUG    aiosqlite:core.py:106 operation functools.partial(<built-in method cursor of sqlite3.Connection object at 0x00000201FC6075B0>) completed
DEBUG    aiosqlite:core.py:104 executing functools.partial(<built-in method execute of sqlite3.Cursor object at 0x00000201FC6ADE40>, 'CREATE INDEX ix_training_data_analysis_id ON training_data (analysis_id)', ())
DEBUG    aiosqlite:core.py:106 operation functools.partial(<built-in method execute of sqlite3.Cursor object at 0x00000201FC6ADE40>, 'CREATE INDEX ix_training_data_analysis_id ON training_data (analysis_id)', ()) completed
DEBUG    aiosqlite:core.py:104 executing functools.partial(<built-in method close of sqlite3.Cursor object at 0x00000201FC6ADE40>)
DEBUG    aiosqlite:core.py:106 operation functools.partial(<built-in method close of sqlite3.Cursor object at 0x00000201FC6ADE40>) completed
DEBUG    aiosqlite:core.py:104 executing functools.partial(<built-in method cursor of sqlite3.Connection object at 0x00000201FC6075B0>)
DEBUG    aiosqlite:core.py:106 operation functools.partial(<built-in method cursor of sqlite3.Connection object at 0x00000201FC6075B0>) completed
DEBUG    aiosqlite:core.py:104 executing functools.partial(<built-in method execute of sqlite3.Cursor object at 0x00000201FC667A40>, 'CREATE INDEX ix_training_data_user_id ON training_data (user_id)', ())
DEBUG    aiosqlite:core.py:106 operation functools.partial(<built-in method execute of sqlite3.Cursor object at 0x00000201FC667A40>, 'CREATE INDEX ix_training_data_user_id ON training_data (user_id)', ()) completed
DEBUG    aiosqlite:core.py:104 executing functools.partial(<built-in method close of sqlite3.Cursor object at 0x00000201FC667A40>)
DEBUG    aiosqlite:core.py:106 operation functools.partial(<built-in method close of sqlite3.Cursor object at 0x00000201FC667A40>) completed
DEBUG    aiosqlite:core.py:104 executing functools.partial(<built-in method cursor of sqlite3.Connection object at 0x00000201FC6075B0>)
DEBUG    aiosqlite:core.py:106 operation functools.partial(<built-in method cursor of sqlite3.Connection object at 0x00000201FC6075B0>) completed
DEBUG    aiosqlite:core.py:104 executing functools.partial(<built-in method execute of sqlite3.Cursor object at 0x00000201FC6669C0>, '\nCREATE TABLE credits (\n\tuser_id CHAR(32) NOT NULL, \n\tremaining INTEGER NOT NULL, \n\tlast_reset DATETIME DEFAULT CURRENT_TIMESTAMP NOT NULL, \n\tPRIMARY KEY (user_id), \n\tFOREIGN KEY(user_id) REFERENCES users (id)\n)\n\n', ())
DEBUG    aiosqlite:core.py:106 operation functools.partial(<built-in method execute of sqlite3.Cursor object at 0x00000201FC6669C0>, '\nCREATE TABLE credits (\n\tuser_id CHAR(32) NOT NULL, \n\tremaining INTEGER NOT NULL, \n\tlast_reset DATETIME DEFAULT CURRENT_TIMESTAMP NOT NULL, \n\tPRIMARY KEY (user_id), \n\tFOREIGN KEY(user_id) REFERENCES users (id)\n)\n\n', ()) completed
DEBUG    aiosqlite:core.py:104 executing functools.partial(<built-in method close of sqlite3.Cursor object at 0x00000201FC6669C0>)
DEBUG    aiosqlite:core.py:106 operation functools.partial(<built-in method close of sqlite3.Cursor object at 0x00000201FC6669C0>) completed
DEBUG    aiosqlite:core.py:104 executing functools.partial(<built-in method cursor of sqlite3.Connection object at 0x00000201FC6075B0>)
DEBUG    aiosqlite:core.py:106 operation functools.partial(<built-in method cursor of sqlite3.Connection object at 0x00000201FC6075B0>) completed
DEBUG    aiosqlite:core.py:104 executing functools.partial(<built-in method execute of sqlite3.Cursor object at 0x00000201FC667840>, '\nCREATE TABLE feedback (\n\tid CHAR(32) NOT NULL, \n\tanalysis_id CHAR(32) NOT NULL, \n\tuser_id CHAR(32) NOT NULL, \n\tis_helpful BOOLEAN NOT NULL, \n\tcreated_at DATETIME DEFAULT CURRENT_TIMESTAMP NOT NULL, \n\tPRIMARY KEY (id), \n\tFOREIGN KEY(analysis_id) REFERENCES analyses (id), \n\tFOREIGN KEY(user_id) REFERENCES users (id)\n)\n\n', ())
DEBUG    aiosqlite:core.py:106 operation functools.partial(<built-in method execute of sqlite3.Cursor object at 0x00000201FC667840>, '\nCREATE TABLE feedback (\n\tid CHAR(32) NOT NULL, \n\tanalysis_id CHAR(32) NOT NULL, \n\tuser_id CHAR(32) NOT NULL, \n\tis_helpful BOOLEAN NOT NULL, \n\tcreated_at DATETIME DEFAULT CURRENT_TIMESTAMP NOT NULL, \n\tPRIMARY KEY (id), \n\tFOREIGN KEY(analysis_id) REFERENCES analyses (id), \n\tFOREIGN KEY(user_id) REFERENCES users (id)\n)\n\n', ()) completed
DEBUG    aiosqlite:core.py:104 executing functools.partial(<built-in method close of sqlite3.Cursor object at 0x00000201FC667840>)
DEBUG    aiosqlite:core.py:106 operation functools.partial(<built-in method close of sqlite3.Cursor object at 0x00000201FC667840>) completed
DEBUG    aiosqlite:core.py:104 executing functools.partial(<built-in method cursor of sqlite3.Connection object at 0x00000201FC6075B0>)
DEBUG    aiosqlite:core.py:106 operation functools.partial(<built-in method cursor of sqlite3.Connection object at 0x00000201FC6075B0>) completed
DEBUG    aiosqlite:core.py:104 executing functools.partial(<built-in method execute of sqlite3.Cursor object at 0x00000201FC6AEBC0>, 'CREATE INDEX ix_feedback_analysis_id ON feedback (analysis_id)', ())
DEBUG    aiosqlite:core.py:106 operation functools.partial(<built-in method execute of sqlite3.Cursor object at 0x00000201FC6AEBC0>, 'CREATE INDEX ix_feedback_analysis_id ON feedback (analysis_id)', ()) completed
DEBUG    aiosqlite:core.py:104 executing functools.partial(<built-in method close of sqlite3.Cursor object at 0x00000201FC6AEBC0>)
DEBUG    aiosqlite:core.py:106 operation functools.partial(<built-in method close of sqlite3.Cursor object at 0x00000201FC6AEBC0>) completed
DEBUG    aiosqlite:core.py:104 executing functools.partial(<built-in method cursor of sqlite3.Connection object at 0x00000201FC6075B0>)
DEBUG    aiosqlite:core.py:106 operation functools.partial(<built-in method cursor of sqlite3.Connection object at 0x00000201FC6075B0>) completed
DEBUG    aiosqlite:core.py:104 executing functools.partial(<built-in method execute of sqlite3.Cursor object at 0x00000201FC6AE840>, 'CREATE INDEX ix_feedback_user_id ON feedback (user_id)', ())
DEBUG    aiosqlite:core.py:106 operation functools.partial(<built-in method execute of sqlite3.Cursor object at 0x00000201FC6AE840>, 'CREATE INDEX ix_feedback_user_id ON feedback (user_id)', ()) completed
DEBUG    aiosqlite:core.py:104 executing functools.partial(<built-in method close of sqlite3.Cursor object at 0x00000201FC6AE840>)
DEBUG    aiosqlite:core.py:106 operation functools.partial(<built-in method close of sqlite3.Cursor object at 0x00000201FC6AE840>) completed
DEBUG    aiosqlite:core.py:104 executing functools.partial(<built-in method commit of sqlite3.Connection object at 0x00000201FC6075B0>)
DEBUG    aiosqlite:core.py:106 operation functools.partial(<built-in method commit of sqlite3.Connection object at 0x00000201FC6075B0>) completed
DEBUG    aiosqlite:core.py:104 executing functools.partial(<built-in method rollback of sqlite3.Connection object at 0x00000201FC6075B0>)
DEBUG    aiosqlite:core.py:106 operation functools.partial(<built-in method rollback of sqlite3.Connection object at 0x00000201FC6075B0>) completed
------------------------------ Captured log call ------------------------------
INFO     app.middleware.logging:logging.py:19 Request started | request_id=6a04acef-e337-49f1-9aee-eb2040db9df9 method=POST path=/auth/signup
DEBUG    app.features.auth.service:service.py:15 AuthService initialized
INFO     app.features.auth.router:router.py:31 Signup attempt for email: test@velra.app
DEBUG    aiosqlite:core.py:104 executing functools.partial(<built-in method cursor of sqlite3.Connection object at 0x00000201FC6075B0>)
DEBUG    aiosqlite:core.py:106 operation functools.partial(<built-in method cursor of sqlite3.Connection object at 0x00000201FC6075B0>) completed
DEBUG    aiosqlite:core.py:104 executing functools.partial(<built-in method execute of sqlite3.Cursor object at 0x00000201FC880AC0>, 'SELECT users.id, users.email, users.password_hash, users.provider, users.provider_id, users.accepted_tc, users.created_at \nFROM users \nWHERE users.email = ?', ('test@velra.app',))
DEBUG    aiosqlite:core.py:106 operation functools.partial(<built-in method execute of sqlite3.Cursor object at 0x00000201FC880AC0>, 'SELECT users.id, users.email, users.password_hash, users.provider, users.provider_id, users.accepted_tc, users.created_at \nFROM users \nWHERE users.email = ?', ('test@velra.app',)) completed
DEBUG    aiosqlite:core.py:104 executing functools.partial(<built-in method fetchall of sqlite3.Cursor object at 0x00000201FC880AC0>)
DEBUG    aiosqlite:core.py:106 operation functools.partial(<built-in method fetchall of sqlite3.Cursor object at 0x00000201FC880AC0>) completed
DEBUG    aiosqlite:core.py:104 executing functools.partial(<built-in method close of sqlite3.Cursor object at 0x00000201FC880AC0>)
DEBUG    aiosqlite:core.py:106 operation functools.partial(<built-in method close of sqlite3.Cursor object at 0x00000201FC880AC0>) completed
INFO     app.features.auth.router:router.py:47 Committing new user to database...
DEBUG    aiosqlite:core.py:104 executing functools.partial(<built-in method cursor of sqlite3.Connection object at 0x00000201FC6075B0>)
DEBUG    aiosqlite:core.py:106 operation functools.partial(<built-in method cursor of sqlite3.Connection object at 0x00000201FC6075B0>) completed
DEBUG    aiosqlite:core.py:104 executing functools.partial(<built-in method execute of sqlite3.Cursor object at 0x00000201FC61F0C0>, 'INSERT INTO users (id, email, password_hash, provider, provider_id, accepted_tc) VALUES (?, ?, ?, ?, ?, ?) RETURNING created_at', ('ffcf03a11b5442c78758082d19ec7fa0', 'test@velra.app', '$2b$12$NiBZUh52A2YeAxQMyvHJ..d1LszmKb5bB8orvjuSLvCF3Y4SLr0hS', 'email', None, 0))
DEBUG    aiosqlite:core.py:106 operation functools.partial(<built-in method execute of sqlite3.Cursor object at 0x00000201FC61F0C0>, 'INSERT INTO users (id, email, password_hash, provider, provider_id, accepted_tc) VALUES (?, ?, ?, ?, ?, ?) RETURNING created_at', ('ffcf03a11b5442c78758082d19ec7fa0', 'test@velra.app', '$2b$12$NiBZUh52A2YeAxQMyvHJ..d1LszmKb5bB8orvjuSLvCF3Y4SLr0hS', 'email', None, 0)) completed
DEBUG    aiosqlite:core.py:104 executing functools.partial(<built-in method fetchall of sqlite3.Cursor object at 0x00000201FC61F0C0>)
DEBUG    aiosqlite:core.py:106 operation functools.partial(<built-in method fetchall of sqlite3.Cursor object at 0x00000201FC61F0C0>) completed
DEBUG    aiosqlite:core.py:104 executing functools.partial(<built-in method close of sqlite3.Cursor object at 0x00000201FC61F0C0>)
DEBUG    aiosqlite:core.py:106 operation functools.partial(<built-in method close of sqlite3.Cursor object at 0x00000201FC61F0C0>) completed
DEBUG    aiosqlite:core.py:104 executing functools.partial(<built-in method commit of sqlite3.Connection object at 0x00000201FC6075B0>)
DEBUG    aiosqlite:core.py:106 operation functools.partial(<built-in method commit of sqlite3.Connection object at 0x00000201FC6075B0>) completed
DEBUG    aiosqlite:core.py:104 executing functools.partial(<built-in method rollback of sqlite3.Connection object at 0x00000201FC6075B0>)
DEBUG    aiosqlite:core.py:106 operation functools.partial(<built-in method rollback of sqlite3.Connection object at 0x00000201FC6075B0>) completed
DEBUG    aiosqlite:core.py:104 executing functools.partial(<built-in method cursor of sqlite3.Connection object at 0x00000201FC6075B0>)
DEBUG    aiosqlite:core.py:106 operation functools.partial(<built-in method cursor of sqlite3.Connection object at 0x00000201FC6075B0>) completed
DEBUG    aiosqlite:core.py:104 executing functools.partial(<built-in method execute of sqlite3.Cursor object at 0x00000201FC881B40>, 'SELECT users.id, users.email, users.password_hash, users.provider, users.provider_id, users.accepted_tc, users.created_at \nFROM users \nWHERE users.id = ?', ('ffcf03a11b5442c78758082d19ec7fa0',))
DEBUG    aiosqlite:core.py:106 operation functools.partial(<built-in method execute of sqlite3.Cursor object at 0x00000201FC881B40>, 'SELECT users.id, users.email, users.password_hash, users.provider, users.provider_id, users.accepted_tc, users.created_at \nFROM users \nWHERE users.id = ?', ('ffcf03a11b5442c78758082d19ec7fa0',)) completed
DEBUG    aiosqlite:core.py:104 executing functools.partial(<built-in method fetchall of sqlite3.Cursor object at 0x00000201FC881B40>)
DEBUG    aiosqlite:core.py:106 operation functools.partial(<built-in method fetchall of sqlite3.Cursor object at 0x00000201FC881B40>) completed
DEBUG    aiosqlite:core.py:104 executing functools.partial(<built-in method close of sqlite3.Cursor object at 0x00000201FC881B40>)
DEBUG    aiosqlite:core.py:106 operation functools.partial(<built-in method close of sqlite3.Cursor object at 0x00000201FC881B40>) completed
INFO     app.features.auth.router:router.py:50 User successfully persisted and refreshed. ID: ffcf03a1-1b54-42c7-8758-082d19ec7fa0
INFO     app.middleware.logging:logging.py:35 Request completed | request_id=6a04acef-e337-49f1-9aee-eb2040db9df9 method=POST path=/auth/signup status_code=201 duration_ms=321.17
WARNING  app.core.email:email.py:32 Email sending skipped for test@velra.app: SUPABASE_SERVICE_ROLE_KEY missing.
INFO     httpx:_client.py:1740 HTTP Request: POST http://test/auth/signup "HTTP/1.1 201 Created"
INFO     app.middleware.logging:logging.py:19 Request started | request_id=087971ea-8e3c-48f6-8122-dacbc1ad217b method=POST path=/auth/login
DEBUG    app.features.auth.service:service.py:15 AuthService initialized
INFO     app.features.auth.router:router.py:72 Login attempt for email: test@velra.app
DEBUG    aiosqlite:core.py:104 executing functools.partial(<built-in method cursor of sqlite3.Connection object at 0x00000201FC6075B0>)
DEBUG    aiosqlite:core.py:106 operation functools.partial(<built-in method cursor of sqlite3.Connection object at 0x00000201FC6075B0>) completed
DEBUG    aiosqlite:core.py:104 executing functools.partial(<built-in method execute of sqlite3.Cursor object at 0x00000201FC882840>, 'SELECT users.id, users.email, users.password_hash, users.provider, users.provider_id, users.accepted_tc, users.created_at \nFROM users \nWHERE users.email = ?', ('test@velra.app',))
DEBUG    aiosqlite:core.py:106 operation functools.partial(<built-in method execute of sqlite3.Cursor object at 0x00000201FC882840>, 'SELECT users.id, users.email, users.password_hash, users.provider, users.provider_id, users.accepted_tc, users.created_at \nFROM users \nWHERE users.email = ?', ('test@velra.app',)) completed
DEBUG    aiosqlite:core.py:104 executing functools.partial(<built-in method fetchall of sqlite3.Cursor object at 0x00000201FC882840>)
DEBUG    aiosqlite:core.py:106 operation functools.partial(<built-in method fetchall of sqlite3.Cursor object at 0x00000201FC882840>) completed
DEBUG    aiosqlite:core.py:104 executing functools.partial(<built-in method close of sqlite3.Cursor object at 0x00000201FC882840>)
DEBUG    aiosqlite:core.py:106 operation functools.partial(<built-in method close of sqlite3.Cursor object at 0x00000201FC882840>) completed
INFO     app.features.auth.router:router.py:94 User test@velra.app successfully logged in.
INFO     app.middleware.logging:logging.py:35 Request completed | request_id=087971ea-8e3c-48f6-8122-dacbc1ad217b method=POST path=/auth/login status_code=200 duration_ms=290.05
INFO     httpx:_client.py:1740 HTTP Request: POST http://test/auth/login "HTTP/1.1 200 OK"
INFO     app.middleware.logging:logging.py:19 Request started | request_id=ca2c63cd-9dcb-410a-8460-851f9f3fe33e method=POST path=/analyze-chat
DEBUG    app.features.auth.service:service.py:15 AuthService initialized
DEBUG    aiosqlite:core.py:104 executing functools.partial(<built-in method cursor of sqlite3.Connection object at 0x00000201FC6075B0>)
DEBUG    aiosqlite:core.py:106 operation functools.partial(<built-in method cursor of sqlite3.Connection object at 0x00000201FC6075B0>) completed
DEBUG    aiosqlite:core.py:104 executing functools.partial(<built-in method execute of sqlite3.Cursor object at 0x00000201FC882F40>, 'SELECT users.id, users.email, users.password_hash, users.provider, users.provider_id, users.accepted_tc, users.created_at \nFROM users \nWHERE users.id = ?', ('ffcf03a11b5442c78758082d19ec7fa0',))
DEBUG    aiosqlite:core.py:106 operation functools.partial(<built-in method execute of sqlite3.Cursor object at 0x00000201FC882F40>, 'SELECT users.id, users.email, users.password_hash, users.provider, users.provider_id, users.accepted_tc, users.created_at \nFROM users \nWHERE users.id = ?', ('ffcf03a11b5442c78758082d19ec7fa0',)) completed
DEBUG    aiosqlite:core.py:104 executing functools.partial(<built-in method fetchall of sqlite3.Cursor object at 0x00000201FC882F40>)
DEBUG    aiosqlite:core.py:106 operation functools.partial(<built-in method fetchall of sqlite3.Cursor object at 0x00000201FC882F40>) completed
DEBUG    aiosqlite:core.py:104 executing functools.partial(<built-in method close of sqlite3.Cursor object at 0x00000201FC882F40>)
DEBUG    aiosqlite:core.py:106 operation functools.partial(<built-in method close of sqlite3.Cursor object at 0x00000201FC882F40>) completed
INFO     app.features.chat_analysis.router:router.py:47 Analysis request received | user_id=ffcf03a1-1b54-42c7-8758-082d19ec7fa0 content_length=2
INFO     app.features.chat_analysis.router:router.py:65 Starting fresh analysis | user_id=ffcf03a1-1b54-42c7-8758-082d19ec7fa0
DEBUG    aiosqlite:core.py:104 executing functools.partial(<built-in method cursor of sqlite3.Connection object at 0x00000201FC6075B0>)
DEBUG    aiosqlite:core.py:106 operation functools.partial(<built-in method cursor of sqlite3.Connection object at 0x00000201FC6075B0>) completed
DEBUG    aiosqlite:core.py:104 executing functools.partial(<built-in method execute of sqlite3.Cursor object at 0x00000201FC8824C0>, 'SELECT credits.user_id, credits.remaining, credits.last_reset \nFROM credits \nWHERE credits.user_id = ?', ('ffcf03a11b5442c78758082d19ec7fa0',))
DEBUG    aiosqlite:core.py:106 operation functools.partial(<built-in method execute of sqlite3.Cursor object at 0x00000201FC8824C0>, 'SELECT credits.user_id, credits.remaining, credits.last_reset \nFROM credits \nWHERE credits.user_id = ?', ('ffcf03a11b5442c78758082d19ec7fa0',)) completed
DEBUG    aiosqlite:core.py:104 executing functools.partial(<built-in method fetchall of sqlite3.Cursor object at 0x00000201FC8824C0>)
DEBUG    aiosqlite:core.py:106 operation functools.partial(<built-in method fetchall of sqlite3.Cursor object at 0x00000201FC8824C0>) completed
DEBUG    aiosqlite:core.py:104 executing functools.partial(<built-in method close of sqlite3.Cursor object at 0x00000201FC8824C0>)
DEBUG    aiosqlite:core.py:106 operation functools.partial(<built-in method close of sqlite3.Cursor object at 0x00000201FC8824C0>) completed
DEBUG    aiosqlite:core.py:104 executing functools.partial(<built-in method cursor of sqlite3.Connection object at 0x00000201FC6075B0>)
DEBUG    aiosqlite:core.py:106 operation functools.partial(<built-in method cursor of sqlite3.Connection object at 0x00000201FC6075B0>) completed
DEBUG    aiosqlite:core.py:104 executing functools.partial(<built-in method execute of sqlite3.Cursor object at 0x00000201FC882DC0>, 'INSERT INTO credits (user_id, remaining, last_reset) VALUES (?, ?, ?)', ('ffcf03a11b5442c78758082d19ec7fa0', 5, '2026-05-03 12:12:54.252887'))
DEBUG    aiosqlite:core.py:106 operation functools.partial(<built-in method execute of sqlite3.Cursor object at 0x00000201FC882DC0>, 'INSERT INTO credits (user_id, remaining, last_reset) VALUES (?, ?, ?)', ('ffcf03a11b5442c78758082d19ec7fa0', 5, '2026-05-03 12:12:54.252887')) completed
DEBUG    aiosqlite:core.py:104 executing functools.partial(<built-in method close of sqlite3.Cursor object at 0x00000201FC882DC0>)
DEBUG    aiosqlite:core.py:106 operation functools.partial(<built-in method close of sqlite3.Cursor object at 0x00000201FC882DC0>) completed
DEBUG    aiosqlite:core.py:104 executing functools.partial(<built-in method commit of sqlite3.Connection object at 0x00000201FC6075B0>)
DEBUG    aiosqlite:core.py:106 operation functools.partial(<built-in method commit of sqlite3.Connection object at 0x00000201FC6075B0>) completed
DEBUG    aiosqlite:core.py:104 executing functools.partial(<built-in method rollback of sqlite3.Connection object at 0x00000201FC6075B0>)
DEBUG    aiosqlite:core.py:106 operation functools.partial(<built-in method rollback of sqlite3.Connection object at 0x00000201FC6075B0>) completed
DEBUG    aiosqlite:core.py:104 executing functools.partial(<built-in method cursor of sqlite3.Connection object at 0x00000201FC6075B0>)
DEBUG    aiosqlite:core.py:106 operation functools.partial(<built-in method cursor of sqlite3.Connection object at 0x00000201FC6075B0>) completed
DEBUG    aiosqlite:core.py:104 executing functools.partial(<built-in method execute of sqlite3.Cursor object at 0x00000201FC883EC0>, 'SELECT credits.user_id, credits.remaining, credits.last_reset \nFROM credits \nWHERE credits.user_id = ?', ('ffcf03a11b5442c78758082d19ec7fa0',))
DEBUG    aiosqlite:core.py:106 operation functools.partial(<built-in method execute of sqlite3.Cursor object at 0x00000201FC883EC0>, 'SELECT credits.user_id, credits.remaining, credits.last_reset \nFROM credits \nWHERE credits.user_id = ?', ('ffcf03a11b5442c78758082d19ec7fa0',)) completed
DEBUG    aiosqlite:core.py:104 executing functools.partial(<built-in method fetchall of sqlite3.Cursor object at 0x00000201FC883EC0>)
DEBUG    aiosqlite:core.py:106 operation functools.partial(<built-in method fetchall of sqlite3.Cursor object at 0x00000201FC883EC0>) completed
DEBUG    aiosqlite:core.py:104 executing functools.partial(<built-in method close of sqlite3.Cursor object at 0x00000201FC883EC0>)
DEBUG    aiosqlite:core.py:106 operation functools.partial(<built-in method close of sqlite3.Cursor object at 0x00000201FC883EC0>) completed
ERROR    app.features.chat_analysis.router:router.py:74 Chat analysis failed for user ffcf03a1-1b54-42c7-8758-082d19ec7fa0: name 'logger' is not defined
Traceback (most recent call last):
  File "E:\VELRA-INTELLIGENT DATING SYSTEM\app\features\chat_analysis\application\agents.py", line 82, in execute
    res = await self.openai_client.generate_structured(
          ^^^^^^^^^^^^^^^^^^^^^^^^^^^^^^^^^^^^^^^^^^^^^
    ...<3 lines>...
    )
    ^
  File "C:\Users\HP\AppData\Local\Programs\Python\Python313\Lib\unittest\mock.py", line 2330, in _execute_mock_call
    result = await effect(*args, **kwargs)
             ^^^^^^^^^^^^^^^^^^^^^^^^^^^^^
  File "E:\VELRA-INTELLIGENT DATING SYSTEM\tests\conftest.py", line 68, in mock_generate_structured
    from app.features.chat_analysis.schemas import (
        AIExpertAnalysis, AIInterestClassification, AIReplyGeneration, AIValidation, AIStrategyGeneration
    )
ImportError: cannot import name 'AIStrategyGeneration' from 'app.features.chat_analysis.schemas' (E:\VELRA-INTELLIGENT DATING SYSTEM\app\features\chat_analysis\schemas.py)

During handling of the above exception, another exception occurred:

Traceback (most recent call last):
  File "E:\VELRA-INTELLIGENT DATING SYSTEM\app\features\chat_analysis\router.py", line 67, in analyze_chat
    response = await service.analyze_chat(request=payload, session=session, user_id=user.id)
               ^^^^^^^^^^^^^^^^^^^^^^^^^^^^^^^^^^^^^^^^^^^^^^^^^^^^^^^^^^^^^^^^^^^^^^^^^^^^^
  File "E:\VELRA-INTELLIGENT DATING SYSTEM\app\features\chat_analysis\application\service.py", line 135, in analyze_chat
    response, usage = await strategy_agent.execute(
                      ^^^^^^^^^^^^^^^^^^^^^^^^^^^^^
    ...<4 lines>...
    )
    ^
  File "E:\VELRA-INTELLIGENT DATING SYSTEM\app\features\chat_analysis\application\agents.py", line 90, in execute
    logger.error(f"Strategy generation failed: {e}")
    ^^^^^^
NameError: name 'logger' is not defined
INFO     app.middleware.logging:logging.py:35 Request completed | request_id=ca2c63cd-9dcb-410a-8460-851f9f3fe33e method=POST path=/analyze-chat status_code=500 duration_ms=3455.57
INFO     httpx:_client.py:1740 HTTP Request: POST http://test/analyze-chat "HTTP/1.1 500 Internal Server Error"
---------------------------- Captured log teardown ----------------------------
DEBUG    aiosqlite:core.py:104 executing functools.partial(<built-in method rollback of sqlite3.Connection object at 0x00000201FC6075B0>)
DEBUG    aiosqlite:core.py:106 operation functools.partial(<built-in method rollback of sqlite3.Connection object at 0x00000201FC6075B0>) completed
DEBUG    aiosqlite:core.py:104 executing functools.partial(<built-in method rollback of sqlite3.Connection object at 0x00000201FC6075B0>)
DEBUG    aiosqlite:core.py:106 operation functools.partial(<built-in method rollback of sqlite3.Connection object at 0x00000201FC6075B0>) completed
DEBUG    aiosqlite:core.py:104 executing functools.partial(<built-in method close of sqlite3.Connection object at 0x00000201FC6075B0>)
DEBUG    aiosqlite:core.py:106 operation functools.partial(<built-in method close of sqlite3.Connection object at 0x00000201FC6075B0>) completed
DEBUG    asyncio:proactor_events.py:631 Using proactor: IocpProactor
============================== warnings summary ===============================
tests/test_e2e_flow.py::test_full_auth_and_analysis_flow
  E:\VELRA-INTELLIGENT DATING SYSTEM\.venv\Lib\site-packages\pytest_asyncio\plugin.py:769: DeprecationWarning: The event_loop fixture provided by pytest-asyncio has been redefined in
  E:\VELRA-INTELLIGENT DATING SYSTEM\tests\conftest.py:19
  Replacing the event_loop fixture with a custom implementation is deprecated
  and will lead to errors in the future.
  If you want to request an asyncio event loop with a scope other than function
  scope, use the "scope" argument to the asyncio mark when marking the tests.
  If you want to return different types of event loops, use the event_loop_policy
  fixture.
  
    warnings.warn(

tests/test_e2e_flow.py::test_full_auth_and_analysis_flow
  E:\VELRA-INTELLIGENT DATING SYSTEM\.venv\Lib\site-packages\sklearn\utils\validation.py:2691: UserWarning: X does not have valid feature names, but RandomForestClassifier was fitted with feature names
    warnings.warn(

-- Docs: https://docs.pytest.org/en/stable/how-to/capture-warnings.html
=========================== short test summary info ===========================
FAILED tests/test_e2e_flow.py::test_full_auth_and_analysis_flow - assert 500 ...
======================== 1 failed, 2 warnings in 5.64s ========================
